Component: ARM Compiler 5.06 update 6 (build 750) Tool: armlink [4d35ed]

==============================================================================

Section Cross References

    startup_stm32f407xx.o(STACK) refers (Special) to heapauxi.o(.text) for __use_two_region_memory
    startup_stm32f407xx.o(HEAP) refers (Special) to heapauxi.o(.text) for __use_two_region_memory
    startup_stm32f407xx.o(RESET) refers (Special) to heapauxi.o(.text) for __use_two_region_memory
    startup_stm32f407xx.o(RESET) refers to startup_stm32f407xx.o(STACK) for __initial_sp
    startup_stm32f407xx.o(RESET) refers to startup_stm32f407xx.o(.text) for Reset_Handler
    startup_stm32f407xx.o(RESET) refers to stm32f4xx_it.o(i.NMI_Handler) for NMI_Handler
    startup_stm32f407xx.o(RESET) refers to stm32f4xx_it.o(i.HardFault_Handler) for HardFault_Handler
    startup_stm32f407xx.o(RESET) refers to stm32f4xx_it.o(i.MemManage_Handler) for MemManage_Handler
    startup_stm32f407xx.o(RESET) refers to stm32f4xx_it.o(i.BusFault_Handler) for BusFault_Handler
    startup_stm32f407xx.o(RESET) refers to stm32f4xx_it.o(i.UsageFault_Handler) for UsageFault_Handler
    startup_stm32f407xx.o(RESET) refers to stm32f4xx_it.o(i.SVC_Handler) for SVC_Handler
    startup_stm32f407xx.o(RESET) refers to stm32f4xx_it.o(i.DebugMon_Handler) for DebugMon_Handler
    startup_stm32f407xx.o(RESET) refers to stm32f4xx_it.o(i.PendSV_Handler) for PendSV_Handler
    startup_stm32f407xx.o(RESET) refers to stm32f4xx_it.o(i.SysTick_Handler) for SysTick_Handler
    startup_stm32f407xx.o(RESET) refers to stm32f4xx_it.o(i.DMA1_Stream3_IRQHandler) for DMA1_Stream3_IRQHandler
    startup_stm32f407xx.o(RESET) refers to stm32f4xx_it.o(i.DMA1_Stream4_IRQHandler) for DMA1_Stream4_IRQHandler
    startup_stm32f407xx.o(RESET) refers to stm32f4xx_it.o(i.SDIO_IRQHandler) for SDIO_IRQHandler
    startup_stm32f407xx.o(.text) refers (Special) to heapauxi.o(.text) for __use_two_region_memory
    startup_stm32f407xx.o(.text) refers to system_stm32f4xx.o(i.SystemInit) for SystemInit
    startup_stm32f407xx.o(.text) refers to __main.o(!!!main) for __main
    startup_stm32f407xx.o(.text) refers to startup_stm32f407xx.o(HEAP) for Heap_Mem
    startup_stm32f407xx.o(.text) refers to startup_stm32f407xx.o(STACK) for Stack_Mem
    main.o(i.SystemClock_Config) refers to rt_memclr_w.o(.text) for __aeabi_memclr4
    main.o(i.SystemClock_Config) refers to stm32f4xx_hal_rcc.o(i.HAL_RCC_OscConfig) for HAL_RCC_OscConfig
    main.o(i.SystemClock_Config) refers to stm32f4xx_hal_rcc.o(i.HAL_RCC_ClockConfig) for HAL_RCC_ClockConfig
    main.o(i.main) refers to stm32f4xx_hal.o(i.HAL_Init) for HAL_Init
    main.o(i.main) refers to main.o(i.SystemClock_Config) for SystemClock_Config
    main.o(i.main) refers to gpio.o(i.MX_GPIO_Init) for MX_GPIO_Init
    main.o(i.main) refers to dma.o(i.MX_DMA_Init) for MX_DMA_Init
    main.o(i.main) refers to i2c.o(i.MX_I2C1_Init) for MX_I2C1_Init
    main.o(i.main) refers to i2s.o(i.MX_I2S2_Init) for MX_I2S2_Init
    main.o(i.main) refers to sdio.o(i.MX_SDIO_SD_Init) for MX_SDIO_SD_Init
    main.o(i.main) refers to fatfs.o(i.MX_FATFS_Init) for MX_FATFS_Init
    main.o(i.main) refers to audio_app.o(i.AudioApp_Init) for AudioApp_Init
    main.o(i.main) refers to oled_ui.o(i.OLED_UI_Init) for OLED_UI_Init
    main.o(i.main) refers to audio_app.o(i.AudioApp_Task) for AudioApp_Task
    main.o(i.main) refers to oled_ui.o(i.OLED_UI_Task) for OLED_UI_Task
    main.o(i.main) refers to stm32f4xx_hal.o(i.HAL_Delay) for HAL_Delay
    gpio.o(i.MX_GPIO_Init) refers to rt_memclr_w.o(.text) for __aeabi_memclr4
    gpio.o(i.MX_GPIO_Init) refers to stm32f4xx_hal_gpio.o(i.HAL_GPIO_Init) for HAL_GPIO_Init
    dma.o(i.MX_DMA_Init) refers to stm32f4xx_hal_cortex.o(i.HAL_NVIC_SetPriority) for HAL_NVIC_SetPriority
    dma.o(i.MX_DMA_Init) refers to stm32f4xx_hal_cortex.o(i.HAL_NVIC_EnableIRQ) for HAL_NVIC_EnableIRQ
    i2c.o(i.HAL_I2C_MspDeInit) refers to stm32f4xx_hal_gpio.o(i.HAL_GPIO_DeInit) for HAL_GPIO_DeInit
    i2c.o(i.HAL_I2C_MspInit) refers to rt_memclr_w.o(.text) for __aeabi_memclr4
    i2c.o(i.HAL_I2C_MspInit) refers to stm32f4xx_hal_gpio.o(i.HAL_GPIO_Init) for HAL_GPIO_Init
    i2c.o(i.MX_I2C1_Init) refers to stm32f4xx_hal_i2c.o(i.HAL_I2C_Init) for HAL_I2C_Init
    i2c.o(i.MX_I2C1_Init) refers to main.o(i.Error_Handler) for Error_Handler
    i2c.o(i.MX_I2C1_Init) refers to i2c.o(.bss) for .bss
    i2s.o(i.HAL_I2S_MspDeInit) refers to stm32f4xx_hal_gpio.o(i.HAL_GPIO_DeInit) for HAL_GPIO_DeInit
    i2s.o(i.HAL_I2S_MspDeInit) refers to stm32f4xx_hal_dma.o(i.HAL_DMA_DeInit) for HAL_DMA_DeInit
    i2s.o(i.HAL_I2S_MspInit) refers to rt_memclr_w.o(.text) for __aeabi_memclr4
    i2s.o(i.HAL_I2S_MspInit) refers to stm32f4xx_hal_rcc_ex.o(i.HAL_RCCEx_PeriphCLKConfig) for HAL_RCCEx_PeriphCLKConfig
    i2s.o(i.HAL_I2S_MspInit) refers to main.o(i.Error_Handler) for Error_Handler
    i2s.o(i.HAL_I2S_MspInit) refers to stm32f4xx_hal_gpio.o(i.HAL_GPIO_Init) for HAL_GPIO_Init
[...]
    s_mix_file_checked                       0x20000014   Data           1  audio_app.o(.data)
    s_dma_half_ready                         0x20000015   Data           1  audio_app.o(.data)
    s_dma_full_ready                         0x20000016   Data           1  audio_app.o(.data)
    s_i2s_stop_in_progress                   0x20000017   Data           1  audio_app.o(.data)
    s_fx_filter_last                         0x20000018   Data           2  audio_app.o(.data)
    s_recorded_bytes                         0x2000001c   Data           4  audio_app.o(.data)
    s_fx_delay_index                         0x20000020   Data           4  audio_app.o(.data)
    s_fx_pitch_phase                         0x20000024   Data           4  audio_app.o(.data)
    s_record_key                             0x20000028   Data          12  audio_app.o(.data)
    s_play_key                               0x20000034   Data          12  audio_app.o(.data)
    s_reserved_key                           0x20000040   Data          12  audio_app.o(.data)
    .data                                    0x2000004c   Section        8  oled_ui.o(.data)
    s_last_state                             0x2000004c   Data           1  oled_ui.o(.data)
    s_oled_ready                             0x2000004d   Data           1  oled_ui.o(.data)
    s_last_refresh_ms                        0x20000050   Data           4  oled_ui.o(.data)
    .data                                    0x20000054   Section        1  sd_diskio.o(.data)
    Stat                                     0x20000054   Data           1  sd_diskio.o(.data)
    .data                                    0x20000055   Section        5  fatfs.o(.data)
    .data                                    0x2000005c   Section       12  stm32f4xx_hal.o(.data)
    .data                                    0x20000068   Section        4  system_stm32f4xx.o(.data)
    .data                                    0x2000006c   Section        8  ff.o(.data)
    Fsid                                     0x2000006c   Data           2  ff.o(.data)
    FatFs                                    0x20000070   Data           4  ff.o(.data)
    .bss                                     0x20000074   Section       84  i2c.o(.bss)
    .bss                                     0x200000c8   Section      264  i2s.o(.bss)
    .bss                                     0x200001d0   Section    15656  audio_app.o(.bss)
    s_audio_file                             0x200001d0   Data         560  audio_app.o(.bss)
    s_mix_file                               0x20000400   Data         560  audio_app.o(.bss)
    s_fx_delay_buffer                        0x20000630   Data        3200  audio_app.o(.bss)
    s_debug_stats                            0x200012b0   Data          72  audio_app.o(.bss)
    s_i2s_tx_buffer                          0x200012f8   Data        4096  audio_app.o(.bss)
    s_i2s_rx_buffer                          0x200022f8   Data        4096  audio_app.o(.bss)
    s_mono_buffer                            0x200032f8   Data        1024  audio_app.o(.bss)
    s_effect_buffer                          0x200036f8   Data        1024  audio_app.o(.bss)
    s_mix_buffer                             0x20003af8   Data        1024  audio_app.o(.bss)
    .bss                                     0x20003ef8   Section     1153  oled_ui.o(.bss)
    tx                                       0x20003ef8   Data         129  oled_ui.o(.bss)
    s_framebuffer                            0x20003f79   Data        1024  oled_ui.o(.bss)
    .bss                                     0x2000437c   Section      132  sdio.o(.bss)
    .bss                                     0x20004400   Section      560  fatfs.o(.bss)
    .bss                                     0x20004630   Section       32  ff.o(.bss)
    Files                                    0x20004630   Data          32  ff.o(.bss)
    .bss                                     0x20004650   Section       12  ff_gen_drv.o(.bss)
    .bss                                     0x2000465c   Section       96  libspace.o(.bss)
    HEAP                                     0x200046c0   Section      512  startup_stm32f407xx.o(HEAP)
    Heap_Mem                                 0x200046c0   Data         512  startup_stm32f407xx.o(HEAP)
    STACK                                    0x200048c0   Section     1024  startup_stm32f407xx.o(STACK)
    Stack_Mem                                0x200048c0   Data        1024  startup_stm32f407xx.o(STACK)
    __initial_sp                             0x20004cc0   Data           0  startup_stm32f407xx.o(STACK)

    Global Symbols

    Symbol Name                              Value     Ov Type        Size  Object(Section)

    BuildAttributes$$THM_ISAv4$E$P$D$K$B$S$7EM$VFPi3$EXTD16$VFPS$VFMA$PE$A:L22UL41UL21$X:L11$S22US41US21$IEEE1$IW$USESV6$~STKCKD$USESV7$~SHL$OSPACE$ROPI$EBA8$UX$STANDARDLIB$REQ8$PRES8$EABIv2 0x00000000   Number         0  anon$$obj.o ABSOLUTE
    __ARM_use_no_argv                        0x00000000   Number         0  main.o ABSOLUTE
    _printf_flags                            0x00000000   Number         0  printf_stubs.o ABSOLUTE
    _printf_return_value                     0x00000000   Number         0  printf_stubs.o ABSOLUTE
    _printf_sizespec                         0x00000000   Number         0  printf_stubs.o ABSOLUTE
    _printf_widthprec                        0x00000000   Number         0  printf_stubs.o ABSOLUTE
    __ARM_exceptions_init                     - Undefined Weak Reference
    __alloca_initialize                       - Undefined Weak Reference
    __arm_preinit_                            - Undefined Weak Reference
    __cpp_initialize__aeabi_                  - Undefined Weak Reference
    __cxa_finalize                            - Undefined Weak Reference
    __rt_locale                               - Undefined Weak Reference
    __sigvec_lookup                           - Undefined Weak Reference
    _atexit_init                              - Undefined Weak Reference
    _call_atexit_fns                          - Undefined Weak Reference
    _clock_init                               - Undefined Weak Reference
    _fp_trap_init                             - Undefined Weak Reference
    _fp_trap_shutdown                         - Undefined Weak Reference
    _get_lc_collate                           - Undefined Weak Reference
    _get_lc_ctype                             - Undefined Weak Reference
    _get_lc_monetary                          - Undefined Weak Reference
    _get_lc_numeric                           - Undefined Weak Reference
    _get_lc_time                              - Undefined Weak Reference
    _getenv_init                              - Undefined Weak Reference
    _handle_redirection                       - Undefined Weak Reference
    _init_alloc                               - Undefined Weak Reference
    _init_user_alloc                          - Undefined Weak Reference
    _initio                                   - Undefined Weak Reference
    _printf_mbtowc                            - Undefined Weak Reference
    _printf_truncate_signed                   - Undefined Weak Reference
    _printf_truncate_unsigned                 - Undefined Weak Reference
    _rand_init                                - Undefined Weak Reference
    _signal_finish                            - Undefined Weak Reference
    _signal_init                              - Undefined Weak Reference
    _terminate_alloc                          - Undefined Weak Reference
    _terminate_user_alloc                     - Undefined Weak Reference
    _terminateio                              - Undefined Weak Reference
    __Vectors_Size                           0x00000188   Number         0  startup_stm32f407xx.o ABSOLUTE
    __Vectors                                0x08000000   Data           4  startup_stm32f407xx.o(RESET)
    __Vectors_End                            0x08000188   Data           0  startup_stm32f407xx.o(RESET)
    __main                                   0x08000189   Thumb Code     8  __main.o(!!!main)
    __scatterload                            0x08000191   Thumb Code     0  __scatter.o(!!!scatter)
    __scatterload_rt2                        0x08000191   Thumb Code    44  __scatter.o(!!!scatter)
    __scatterload_rt2_thumb_only             0x08000191   Thumb Code     0  __scatter.o(!!!scatter)
    __scatterload_null                       0x0800019f   Thumb Code     0  __scatter.o(!!!scatter)
    __scatterload_copy                       0x080001c5   Thumb Code    26  __scatter_copy.o(!!handler_copy)
    __scatterload_zeroinit                   0x080001e1   Thumb Code    28  __scatter_zi.o(!!handler_zi)
    _printf_d                                0x080001fd   Thumb Code     0  _printf_d.o(.ARM.Collect$$_printf_percent$$00000009)
    _printf_percent                          0x080001fd   Thumb Code     0  _printf_percent.o(.ARM.Collect$$_printf_percent$$00000000)
    _printf_u                                0x08000203   Thumb Code     0  _printf_u.o(.ARM.Collect$$_printf_percent$$0000000A)
    _printf_x                                0x08000209   Thumb Code     0  _printf_x.o(.ARM.Collect$$_printf_percent$$0000000C)
    _printf_s                                0x0800020f   Thumb Code     0  _printf_s.o(.ARM.Collect$$_printf_percent$$00000014)
    _printf_percent_end                      0x08000215   Thumb Code     0  _printf_percent_end.o(.ARM.Collect$$_printf_percent$$00000017)
    __rt_lib_init                            0x08000219   Thumb Code     0  libinit.o(.ARM.Collect$$libinit$$00000000)
    __rt_lib_init_fp_1                       0x0800021b   Thumb Code     0  libinit2.o(.ARM.Collect$$libinit$$00000001)
    __rt_lib_init_alloca_1                   0x0800021f   Thumb Code     0  libinit2.o(.ARM.Collect$$libinit$$0000002E)
    __rt_lib_init_argv_1                     0x0800021f   Thumb Code     0  libinit2.o(.ARM.Collect$$libinit$$0000002C)
    __rt_lib_init_atexit_1                   0x0800021f   Thumb Code     0  libinit2.o(.ARM.Collect$$libinit$$0000001B)
    __rt_lib_init_clock_1                    0x0800021f   Thumb Code     0  libinit2.o(.ARM.Collect$$libinit$$00000021)
    __rt_lib_init_cpp_1                      0x0800021f   Thumb Code     0  libinit2.o(.ARM.Collect$$libinit$$00000032)
    __rt_lib_init_exceptions_1               0x0800021f   Thumb Code     0  libinit2.o(.ARM.Collect$$libinit$$00000030)
    __rt_lib_init_fp_trap_1                  0x0800021f   Thumb Code     0  libinit2.o(.ARM.Collect$$libinit$$0000001F)
    __rt_lib_init_getenv_1                   0x0800021f   Thumb Code     0  libinit2.o(.ARM.Collect$$libinit$$00000023)
    __rt_lib_init_heap_1                     0x0800021f   Thumb Code     0  libinit2.o(.ARM.Collect$$libinit$$0000000A)
    __rt_lib_init_lc_collate_1               0x0800021f   Thumb Code     0  libinit2.o(.ARM.Collect$$libinit$$00000011)
    __rt_lib_init_lc_ctype_1                 0x0800021f   Thumb Code     0  libinit2.o(.ARM.Collect$$libinit$$00000013)
    __rt_lib_init_lc_monetary_1              0x0800021f   Thumb Code     0  libinit2.o(.ARM.Collect$$libinit$$00000015)
    __rt_lib_init_lc_numeric_1               0x0800021f   Thumb Code     0  libinit2.o(.ARM.Collect$$libinit$$00000017)
    __rt_lib_init_lc_time_1                  0x0800021f   Thumb Code     0  libinit2.o(.ARM.Collect$$libinit$$00000019)
    __rt_lib_init_preinit_1                  0x0800021f   Thumb Code     0  libinit2.o(.ARM.Collect$$libinit$$00000004)
    __rt_lib_init_rand_1                     0x0800021f   Thumb Code     0  libinit2.o(.ARM.Collect$$libinit$$0000000E)
    __rt_lib_init_return                     0x0800021f   Thumb Code     0  libinit2.o(.ARM.Collect$$libinit$$00000033)
    __rt_lib_init_signal_1                   0x0800021f   Thumb Code     0  libinit2.o(.ARM.Collect$$libinit$$0000001D)
    __rt_lib_init_stdio_1                    0x0800021f   Thumb Code     0  libinit2.o(.ARM.Collect$$libinit$$00000025)
    __rt_lib_init_user_alloc_1               0x0800021f   Thumb Code     0  libinit2.o(.ARM.Collect$$libinit$$0000000C)
    __rt_lib_shutdown                        0x08000221   Thumb Code     0  libshutdown.o(.ARM.Collect$$libshutdown$$00000000)
    __rt_lib_shutdown_cpp_1                  0x08000223   Thumb Code     0  libshutdown2.o(.ARM.Collect$$libshutdown$$00000002)
    __rt_lib_shutdown_fp_trap_1              0x08000223   Thumb Code     0  libshutdown2.o(.ARM.Collect$$libshutdown$$00000007)
    __rt_lib_shutdown_heap_1                 0x08000223   Thumb Code     0  libshutdown2.o(.ARM.Collect$$libshutdown$$0000000F)
    __rt_lib_shutdown_return                 0x08000223   Thumb Code     0  libshutdown2.o(.ARM.Collect$$libshutdown$$00000010)
    __rt_lib_shutdown_signal_1               0x08000223   Thumb Code     0  libshutdown2.o(.ARM.Collect$$libshutdown$$0000000A)
    __rt_lib_shutdown_stdio_1                0x08000223   Thumb Code     0  libshutdown2.o(.ARM.Collect$$libshutdown$$00000004)
    __rt_lib_shutdown_user_alloc_1           0x08000223   Thumb Code     0  libshutdown2.o(.ARM.Collect$$libshutdown$$0000000C)
    __rt_entry                               0x08000225   Thumb Code     0  __rtentry.o(.ARM.Collect$$rtentry$$00000000)
    __rt_entry_presh_1                       0x08000225   Thumb Code     0  __rtentry2.o(.ARM.Collect$$rtentry$$00000002)
    __rt_entry_sh                            0x08000225   Thumb Code     0  __rtentry4.o(.ARM.Collect$$rtentry$$00000004)
    __rt_entry_li                            0x0800022b   Thumb Code     0  __rtentry2.o(.ARM.Collect$$rtentry$$0000000A)
    __rt_entry_postsh_1                      0x0800022b   Thumb Code     0  __rtentry2.o(.ARM.Collect$$rtentry$$00000009)
    __rt_entry_main                          0x0800022f   Thumb Code     0  __rtentry2.o(.ARM.Collect$$rtentry$$0000000D)
    __rt_entry_postli_1                      0x0800022f   Thumb Code     0  __rtentry2.o(.ARM.Collect$$rtentry$$0000000C)
    __rt_exit                                0x08000237   Thumb Code     0  rtexit.o(.ARM.Collect$$rtexit$$00000000)
    __rt_exit_ls                             0x08000239   Thumb Code     0  rtexit2.o(.ARM.Collect$$rtexit$$00000003)
    __rt_exit_prels_1                        0x08000239   Thumb Code     0  rtexit2.o(.ARM.Collect$$rtexit$$00000002)
    __rt_exit_exit                           0x0800023d   Thumb Code     0  rtexit2.o(.ARM.Collect$$rtexit$$00000004)
    Reset_Handler                            0x08000245   Thumb Code     8  startup_stm32f407xx.o(.text)
    ADC_IRQHandler                           0x0800025f   Thumb Code     0  startup_stm32f407xx.o(.text)
    CAN1_RX0_IRQHandler                      0x0800025f   Thumb Code     0  startup_stm32f407xx.o(.text)
    CAN1_RX1_IRQHandler                      0x0800025f   Thumb Code     0  startup_stm32f407xx.o(.text)
    CAN1_SCE_IRQHandler                      0x0800025f   Thumb Code     0  startup_stm32f407xx.o(.text)
    CAN1_TX_IRQHandler                       0x0800025f   Thumb Code     0  startup_stm32f407xx.o(.text)
    CAN2_RX0_IRQHandler                      0x0800025f   Thumb Code     0  startup_stm32f407xx.o(.text)
    CAN2_RX1_IRQHandler                      0x0800025f   Thumb Code     0  startup_stm32f407xx.o(.text)
    CAN2_SCE_IRQHandler                      0x0800025f   Thumb Code     0  startup_stm32f407xx.o(.text)
    CAN2_TX_IRQHandler                       0x0800025f   Thumb Code     0  startup_stm32f407xx.o(.text)
    DCMI_IRQHandler                          0x0800025f   Thumb Code     0  startup_stm32f407xx.o(.text)
    DMA1_Stream0_IRQHandler                  0x0800025f   Thumb Code     0  startup_stm32f407xx.o(.text)
    DMA1_Stream1_IRQHandler                  0x0800025f   Thumb Code     0  startup_stm32f407xx.o(.text)
    DMA1_Stream2_IRQHandler                  0x0800025f   Thumb Code     0  startup_stm32f407xx.o(.text)
    DMA1_Stream5_IRQHandler                  0x0800025f   Thumb Code     0  startup_stm32f407xx.o(.text)
    DMA1_Stream6_IRQHandler                  0x0800025f   Thumb Code     0  startup_stm32f407xx.o(.text)
    DMA1_Stream7_IRQHandler                  0x0800025f   Thumb Code     0  startup_stm32f407xx.o(.text)
    DMA2_Stream0_IRQHandler                  0x0800025f   Thumb Code     0  startup_stm32f407xx.o(.text)
    DMA2_Stream1_IRQHandler                  0x0800025f   Thumb Code     0  startup_stm32f407xx.o(.text)
    DMA2_Stream2_IRQHandler                  0x0800025f   Thumb Code     0  startup_stm32f407xx.o(.text)
    DMA2_Stream3_IRQHandler                  0x0800025f   Thumb Code     0  startup_stm32f407xx.o(.text)
    DMA2_Stream4_IRQHandler                  0x0800025f   Thumb Code     0  startup_stm32f407xx.o(.text)
    DMA2_Stream5_IRQHandler                  0x0800025f   Thumb Code     0  startup_stm32f407xx.o(.text)
    DMA2_Stream6_IRQHandler                  0x0800025f   Thumb Code     0  startup_stm32f407xx.o(.text)
    DMA2_Stream7_IRQHandler                  0x0800025f   Thumb Code     0  startup_stm32f407xx.o(.text)
    ETH_IRQHandler                           0x0800025f   Thumb Code     0  startup_stm32f407xx.o(.text)
    ETH_WKUP_IRQHandler                      0x0800025f   Thumb Code     0  startup_stm32f407xx.o(.text)
    EXTI0_IRQHandler                         0x0800025f   Thumb Code     0  startup_stm32f407xx.o(.text)
    EXTI15_10_IRQHandler                     0x0800025f   Thumb Code     0  startup_stm32f407xx.o(.text)
    EXTI1_IRQHandler                         0x0800025f   Thumb Code     0  startup_stm32f407xx.o(.text)
    EXTI2_IRQHandler                         0x0800025f   Thumb Code     0  startup_stm32f407xx.o(.text)
    EXTI3_IRQHandler                         0x0800025f   Thumb Code     0  startup_stm32f407xx.o(.text)
    EXTI4_IRQHandler                         0x0800025f   Thumb Code     0  startup_stm32f407xx.o(.text)
    EXTI9_5_IRQHandler                       0x0800025f   Thumb Code     0  startup_stm32f407xx.o(.text)
    FLASH_IRQHandler                         0x0800025f   Thumb Code     0  startup_stm32f407xx.o(.text)
    FMC_IRQHandler                           0x0800025f   Thumb Code     0  startup_stm32f407xx.o(.text)
    FPU_IRQHandler                           0x0800025f   Thumb Code     0  startup_stm32f407xx.o(.text)
    HASH_RNG_IRQHandler                      0x0800025f   Thumb Code     0  startup_stm32f407xx.o(.text)
    I2C1_ER_IRQHandler                       0x0800025f   Thumb Code     0  startup_stm32f407xx.o(.text)
    I2C1_EV_IRQHandler                       0x0800025f   Thumb Code     0  startup_stm32f407xx.o(.text)
    I2C2_ER_IRQHandler                       0x0800025f   Thumb Code     0  startup_stm32f407xx.o(.text)
    I2C2_EV_IRQHandler                       0x0800025f   Thumb Code     0  startup_stm32f407xx.o(.text)
    I2C3_ER_IRQHandler                       0x0800025f   Thumb Code     0  startup_stm32f407xx.o(.text)
    I2C3_EV_IRQHandler                       0x0800025f   Thumb Code     0  startup_stm32f407xx.o(.text)
    OTG_FS_IRQHandler                        0x0800025f   Thumb Code     0  startup_stm32f407xx.o(.text)
    OTG_FS_WKUP_IRQHandler                   0x0800025f   Thumb Code     0  startup_stm32f407xx.o(.text)
    OTG_HS_EP1_IN_IRQHandler                 0x0800025f   Thumb Code     0  startup_stm32f407xx.o(.text)
    OTG_HS_EP1_OUT_IRQHandler                0x0800025f   Thumb Code     0  startup_stm32f407xx.o(.text)
    OTG_HS_IRQHandler                        0x0800025f   Thumb Code     0  startup_stm32f407xx.o(.text)
    OTG_HS_WKUP_IRQHandler                   0x0800025f   Thumb Code     0  startup_stm32f407xx.o(.text)
    PVD_IRQHandler                           0x0800025f   Thumb Code     0  startup_stm32f407xx.o(.text)
    RCC_IRQHandler                           0x0800025f   Thumb Code     0  startup_stm32f407xx.o(.text)
    RTC_Alarm_IRQHandler                     0x0800025f   Thumb Code     0  startup_stm32f407xx.o(.text)
    RTC_WKUP_IRQHandler                      0x0800025f   Thumb Code     0  startup_stm32f407xx.o(.text)
    SPI1_IRQHandler                          0x0800025f   Thumb Code     0  startup_stm32f407xx.o(.text)
    SPI2_IRQHandler                          0x0800025f   Thumb Code     0  startup_stm32f407xx.o(.text)
    SPI3_IRQHandler                          0x0800025f   Thumb Code     0  startup_stm32f407xx.o(.text)
    TAMP_STAMP_IRQHandler                    0x0800025f   Thumb Code     0  startup_stm32f407xx.o(.text)
    TIM1_BRK_TIM9_IRQHandler                 0x0800025f   Thumb Code     0  startup_stm32f407xx.o(.text)
    TIM1_CC_IRQHandler                       0x0800025f   Thumb Code     0  startup_stm32f407xx.o(.text)
    TIM1_TRG_COM_TIM11_IRQHandler            0x0800025f   Thumb Code     0  startup_stm32f407xx.o(.text)
    TIM1_UP_TIM10_IRQHandler                 0x0800025f   Thumb Code     0  startup_stm32f407xx.o(.text)
    TIM2_IRQHandler                          0x0800025f   Thumb Code     0  startup_stm32f407xx.o(.text)
    TIM3_IRQHandler                          0x0800025f   Thumb Code     0  startup_stm32f407xx.o(.text)
    TIM4_IRQHandler                          0x0800025f   Thumb Code     0  startup_stm32f407xx.o(.text)
    TIM5_IRQHandler                          0x0800025f   Thumb Code     0  startup_stm32f407xx.o(.text)
    TIM6_DAC_IRQHandler                      0x0800025f   Thumb Code     0  startup_stm32f407xx.o(.text)
    TIM7_IRQHandler                          0x0800025f   Thumb Code     0  startup_stm32f407xx.o(.text)
    TIM8_BRK_TIM12_IRQHandler                0x0800025f   Thumb Code     0  startup_stm32f407xx.o(.text)
    TIM8_CC_IRQHandler                       0x0800025f   Thumb Code     0  startup_stm32f407xx.o(.text)
    TIM8_TRG_COM_TIM14_IRQHandler            0x0800025f   Thumb Code     0  startup_stm32f407xx.o(.text)
    TIM8_UP_TIM13_IRQHandler                 0x0800025f   Thumb Code     0  startup_stm32f407xx.o(.text)
    UART4_IRQHandler                         0x0800025f   Thumb Code     0  startup_stm32f407xx.o(.text)
    UART5_IRQHandler                         0x0800025f   Thumb Code     0  startup_stm32f407xx.o(.text)
    USART1_IRQHandler                        0x0800025f   Thumb Code     0  startup_stm32f407xx.o(.text)
    USART2_IRQHandler                        0x0800025f   Thumb Code     0  startup_stm32f407xx.o(.text)
    USART3_IRQHandler                        0x0800025f   Thumb Code     0  startup_stm32f407xx.o(.text)
    USART6_IRQHandler                        0x0800025f   Thumb Code     0  startup_stm32f407xx.o(.text)
    WWDG_IRQHandler                          0x0800025f   Thumb Code     0  startup_stm32f407xx.o(.text)
    __user_initial_stackheap                 0x08000261   Thumb Code     0  startup_stm32f407xx.o(.text)
    __aeabi_uldivmod                         0x08000285   Thumb Code     0  lludivv7m.o(.text)
    _ll_udiv                                 0x08000285   Thumb Code   238  lludivv7m.o(.text)
    __2snprintf                              0x08000375   Thumb Code    48  noretval__2snprintf.o(.text)
    _printf_pre_padding                      0x080003a9   Thumb Code    44  _printf_pad.o(.text)
    _printf_post_padding                     0x080003d5   Thumb Code    34  _printf_pad.o(.text)
    _printf_str                              0x080003f7   Thumb Code    82  _printf_str.o(.text)
    _printf_int_dec                          0x08000449   Thumb Code   104  _printf_dec.o(.text)
    _printf_int_hex                          0x080004c1   Thumb Code    84  _printf_hex_int.o(.text)
    _printf_longlong_hex                     0x080004c1   Thumb Code     0  _printf_hex_int.o(.text)
    __printf                                 0x08000519   Thumb Code   388  __printf_flags_ss_wp.o(.text)
    strlen                                   0x080006a1   Thumb Code    62  strlen.o(.text)
    __aeabi_memcpy                           0x080006df   Thumb Code     0  rt_memcpy_v6.o(.text)
    __rt_memcpy                              0x080006df   Thumb Code   138  rt_memcpy_v6.o(.text)
    _memcpy_lastbytes                        0x08000745   Thumb Code     0  rt_memcpy_v6.o(.text)
    __aeabi_memcpy4                          0x08000769   Thumb Code     0  rt_memcpy_w.o(.text)
    __aeabi_memcpy8                          0x08000769   Thumb Code     0  rt_memcpy_w.o(.text)
    __rt_memcpy_w                            0x08000769   Thumb Code   100  rt_memcpy_w.o(.text)
    _memcpy_lastbytes_aligned                0x080007b1   Thumb Code     0  rt_memcpy_w.o(.text)
    __aeabi_memclr                           0x080007cd   Thumb Code     0  rt_memclr.o(.text)
    __rt_memclr                              0x080007cd   Thumb Code    68  rt_memclr.o(.text)
    _memset                                  0x080007d1   Thumb Code     0  rt_memclr.o(.text)
    __aeabi_memclr4                          0x08000811   Thumb Code     0  rt_memclr_w.o(.text)
    __aeabi_memclr8                          0x08000811   Thumb Code     0  rt_memclr_w.o(.text)
    __rt_memclr_w                            0x08000811   Thumb Code    78  rt_memclr_w.o(.text)
    _memset_w                                0x08000815   Thumb Code     0  rt_memclr_w.o(.text)
    __use_two_region_memory                  0x0800085f   Thumb Code     2  heapauxi.o(.text)
    __rt_heap_escrow$2region                 0x08000861   Thumb Code     2  heapauxi.o(.text)
    __rt_heap_expand$2region                 0x08000863   Thumb Code     2  heapauxi.o(.text)
    _printf_int_common                       0x08000865   Thumb Code   178  _printf_intcommon.o(.text)
    _printf_char_common                      0x08000923   Thumb Code    32  _printf_char_common.o(.text)
    _sputc                                   0x08000949   Thumb Code    10  _sputc.o(.text)
    _snputc                                  0x08000953   Thumb Code    16  _snputc.o(.text)
    _printf_cs_common                        0x08000963   Thumb Code    20  _printf_char.o(.text)
    _printf_char                             0x08000977   Thumb Code    16  _printf_char.o(.text)
    _printf_string                           0x08000987   Thumb Code     8  _printf_char.o(.text)
    __user_setup_stackheap                   0x0800098f   Thumb Code    74  sys_stackheap_outer.o(.text)
    exit                                     0x080009d9   Thumb Code    18  exit.o(.text)
    __user_libspace                          0x080009ed   Thumb Code     8  libspace.o(.text)
    __user_perproc_libspace                  0x080009ed   Thumb Code     0  libspace.o(.text)
    __user_perthread_libspace                0x080009ed   Thumb Code     0  libspace.o(.text)
    _sys_exit                                0x080009f5   Thumb Code     8  sys_exit.o(.text)
    __I$use$semihosting                      0x08000a01   Thumb Code     0  use_no_semi.o(.text)
    __use_no_semihosting_swi                 0x08000a01   Thumb Code     2  use_no_semi.o(.text)
    __semihosting_library_function           0x08000a03   Thumb Code     0  indicate_semi.o(.text)
    AudioApp_GetFxMode                       0x08000a05   Thumb Code     6  audio_app.o(i.AudioApp_GetFxMode)
    AudioApp_GetLastFileResult               0x08000a11   Thumb Code     6  audio_app.o(i.AudioApp_GetLastFileResult)
    AudioApp_GetLastHalResult                0x08000a1d   Thumb Code     6  audio_app.o(i.AudioApp_GetLastHalResult)
    AudioApp_GetState                        0x08000a29   Thumb Code     6  audio_app.o(i.AudioApp_GetState)
    AudioApp_Init                            0x08000a35   Thumb Code    78  audio_app.o(i.AudioApp_Init)
    AudioApp_Task                            0x08000a95   Thumb Code   126  audio_app.o(i.AudioApp_Task)
    BSP_SD_AbortCallback                     0x08000b19   Thumb Code     2  bsp_driver_sd.o(i.BSP_SD_AbortCallback)
    BSP_SD_GetCardInfo                       0x08000b1d   Thumb Code     8  bsp_driver_sd.o(i.BSP_SD_GetCardInfo)
    BSP_SD_GetCardState                      0x08000b29   Thumb Code    20  bsp_driver_sd.o(i.BSP_SD_GetCardState)
    BSP_SD_Init                              0x08000b41   Thumb Code    24  bsp_driver_sd.o(i.BSP_SD_Init)
    BSP_SD_IsDetected                        0x08000b5d   Thumb Code    14  bsp_driver_sd.o(i.BSP_SD_IsDetected)
    BSP_SD_ReadBlocks                        0x08000b6d   Thumb Code    26  bsp_driver_sd.o(i.BSP_SD_ReadBlocks)
    BSP_SD_ReadCpltCallback                  0x08000b8d   Thumb Code     2  bsp_driver_sd.o(i.BSP_SD_ReadCpltCallback)
    BSP_SD_WriteBlocks                       0x08000b91   Thumb Code    26  bsp_driver_sd.o(i.BSP_SD_WriteBlocks)
    BSP_SD_WriteCpltCallback                 0x08000bb1   Thumb Code     2  bsp_driver_sd.o(i.BSP_SD_WriteCpltCallback)
    BusFault_Handler                         0x08000bb3   Thumb Code     2  stm32f4xx_it.o(i.BusFault_Handler)
    DMA1_Stream3_IRQHandler                  0x08000bb5   Thumb Code     6  stm32f4xx_it.o(i.DMA1_Stream3_IRQHandler)
    DMA1_Stream4_IRQHandler                  0x08000bc1   Thumb Code     6  stm32f4xx_it.o(i.DMA1_Stream4_IRQHandler)
    DebugMon_Handler                         0x08000c71   Thumb Code     2  stm32f4xx_it.o(i.DebugMon_Handler)
    ES8388_GetLastVerifyError                0x08000c75   Thumb Code    32  es8388.o(i.ES8388_GetLastVerifyError)
    ES8388_Init                              0x08000c99   Thumb Code   240  es8388.o(i.ES8388_Init)
    ES8388_ReadReg                           0x08000d91   Thumb Code    36  es8388.o(i.ES8388_ReadReg)
    ES8388_WriteReg                          0x08000db9   Thumb Code    36  es8388.o(i.ES8388_WriteReg)
    Error_Handler                            0x08000de1   Thumb Code     4  main.o(i.Error_Handler)
    FATFS_LinkDriver                         0x08000de5   Thumb Code     6  ff_gen_drv.o(i.FATFS_LinkDriver)
    FATFS_LinkDriverEx                       0x08000ded   Thumb Code    58  ff_gen_drv.o(i.FATFS_LinkDriverEx)
    HAL_DMA_Abort                            0x08000e2d   Thumb Code   146  stm32f4xx_hal_dma.o(i.HAL_DMA_Abort)
    HAL_DMA_Abort_IT                         0x08000ebf   Thumb Code    36  stm32f4xx_hal_dma.o(i.HAL_DMA_Abort_IT)
    HAL_DMA_IRQHandler                       0x08000ee5   Thumb Code   412  stm32f4xx_hal_dma.o(i.HAL_DMA_IRQHandler)
    HAL_DMA_Init                             0x08001085   Thumb Code   206  stm32f4xx_hal_dma.o(i.HAL_DMA_Init)
    HAL_DMA_Start_IT                         0x08001159   Thumb Code   110  stm32f4xx_hal_dma.o(i.HAL_DMA_Start_IT)
    HAL_Delay                                0x080011c9   Thumb Code    32  stm32f4xx_hal.o(i.HAL_Delay)
    HAL_GPIO_Init                            0x080011ed   Thumb Code   450  stm32f4xx_hal_gpio.o(i.HAL_GPIO_Init)
    HAL_GPIO_ReadPin                         0x080013dd   Thumb Code    10  stm32f4xx_hal_gpio.o(i.HAL_GPIO_ReadPin)
    HAL_GPIO_WritePin                        0x080013e7   Thumb Code    10  stm32f4xx_hal_gpio.o(i.HAL_GPIO_WritePin)
    HAL_GetTick                              0x080013f1   Thumb Code     6  stm32f4xx_hal.o(i.HAL_GetTick)
    HAL_I2C_Init                             0x080013fd   Thumb Code   376  stm32f4xx_hal_i2c.o(i.HAL_I2C_Init)
    HAL_I2C_Mem_Read                         0x08001585   Thumb Code   502  stm32f4xx_hal_i2c.o(i.HAL_I2C_Mem_Read)
    HAL_I2C_Mem_Write                        0x08001789   Thumb Code   294  stm32f4xx_hal_i2c.o(i.HAL_I2C_Mem_Write)
    HAL_I2C_MspInit                          0x080018b9   Thumb Code    92  i2c.o(i.HAL_I2C_MspInit)
    HAL_I2SEx_FullDuplex_IRQHandler          0x08001921   Thumb Code   492  stm32f4xx_hal_i2s_ex.o(i.HAL_I2SEx_FullDuplex_IRQHandler)
    HAL_I2SEx_TransmitReceive_DMA            0x08001b15   Thumb Code   384  stm32f4xx_hal_i2s_ex.o(i.HAL_I2SEx_TransmitReceive_DMA)
    HAL_I2SEx_TxRxCpltCallback               0x08001ca9   Thumb Code    14  audio_app.o(i.HAL_I2SEx_TxRxCpltCallback)
    HAL_I2SEx_TxRxHalfCpltCallback           0x08001cc1   Thumb Code    14  audio_app.o(i.HAL_I2SEx_TxRxHalfCpltCallback)
    HAL_I2S_DMAStop                          0x08001cd9   Thumb Code   568  stm32f4xx_hal_i2s.o(i.HAL_I2S_DMAStop)
    HAL_I2S_ErrorCallback                    0x08001f19   Thumb Code    30  audio_app.o(i.HAL_I2S_ErrorCallback)
    HAL_I2S_Init                             0x08001f41   Thumb Code   354  stm32f4xx_hal_i2s.o(i.HAL_I2S_Init)
    HAL_I2S_MspInit                          0x080020b5   Thumb Code   288  i2s.o(i.HAL_I2S_MspInit)
    HAL_I2S_RxCpltCallback                   0x080021ed   Thumb Code     2  stm32f4xx_hal_i2s.o(i.HAL_I2S_RxCpltCallback)
    HAL_I2S_TxCpltCallback                   0x080021ef   Thumb Code     2  stm32f4xx_hal_i2s.o(i.HAL_I2S_TxCpltCallback)
    HAL_IncTick                              0x080021f1   Thumb Code    12  stm32f4xx_hal.o(i.HAL_IncTick)
    HAL_Init                                 0x08002201   Thumb Code    48  stm32f4xx_hal.o(i.HAL_Init)
    HAL_InitTick                             0x08002235   Thumb Code    54  stm32f4xx_hal.o(i.HAL_InitTick)
    HAL_MspInit                              0x08002275   Thumb Code    42  stm32f4xx_hal_msp.o(i.HAL_MspInit)
    HAL_NVIC_EnableIRQ                       0x080022a5   Thumb Code    26  stm32f4xx_hal_cortex.o(i.HAL_NVIC_EnableIRQ)
    HAL_NVIC_SetPriority                     0x080022c1   Thumb Code    60  stm32f4xx_hal_cortex.o(i.HAL_NVIC_SetPriority)
    HAL_NVIC_SetPriorityGrouping             0x08002301   Thumb Code    26  stm32f4xx_hal_cortex.o(i.HAL_NVIC_SetPriorityGrouping)
    HAL_RCCEx_GetPeriphCLKFreq               0x08002325   Thumb Code    78  stm32f4xx_hal_rcc_ex.o(i.HAL_RCCEx_GetPeriphCLKFreq)
    HAL_RCCEx_PeriphCLKConfig                0x08002385   Thumb Code   296  stm32f4xx_hal_rcc_ex.o(i.HAL_RCCEx_PeriphCLKConfig)
    HAL_RCC_ClockConfig                      0x080024c1   Thumb Code   288  stm32f4xx_hal_rcc.o(i.HAL_RCC_ClockConfig)
    HAL_RCC_GetPCLK1Freq                     0x080025f5   Thumb Code    20  stm32f4xx_hal_rcc.o(i.HAL_RCC_GetPCLK1Freq)
    HAL_RCC_GetSysClockFreq                  0x08002615   Thumb Code    88  stm32f4xx_hal_rcc.o(i.HAL_RCC_GetSysClockFreq)
    HAL_RCC_OscConfig                        0x08002679   Thumb Code   856  stm32f4xx_hal_rcc.o(i.HAL_RCC_OscConfig)
    HAL_SD_AbortCallback                     0x080029e5   Thumb Code     8  bsp_driver_sd.o(i.HAL_SD_AbortCallback)
    HAL_SD_ErrorCallback                     0x080029ed   Thumb Code     2  stm32f4xx_hal_sd.o(i.HAL_SD_ErrorCallback)
    HAL_SD_GetCardCSD                        0x080029f1   Thumb Code   402  stm32f4xx_hal_sd.o(i.HAL_SD_GetCardCSD)
    HAL_SD_GetCardInfo                       0x08002b89   Thumb Code    36  stm32f4xx_hal_sd.o(i.HAL_SD_GetCardInfo)
    HAL_SD_GetCardState                      0x08002bad   Thumb Code    44  stm32f4xx_hal_sd.o(i.HAL_SD_GetCardState)
    HAL_SD_IRQHandler                        0x08002bd9   Thumb Code   512  stm32f4xx_hal_sd.o(i.HAL_SD_IRQHandler)
    HAL_SD_Init                              0x08002de1   Thumb Code    54  stm32f4xx_hal_sd.o(i.HAL_SD_Init)
    HAL_SD_InitCard                          0x08002e19   Thumb Code   112  stm32f4xx_hal_sd.o(i.HAL_SD_InitCard)
    HAL_SD_MspInit                           0x08002e91   Thumb Code   134  sdio.o(i.HAL_SD_MspInit)
    HAL_SD_ReadBlocks                        0x08002f29   Thumb Code   476  stm32f4xx_hal_sd.o(i.HAL_SD_ReadBlocks)
    HAL_SD_RxCpltCallback                    0x08003109   Thumb Code     8  bsp_driver_sd.o(i.HAL_SD_RxCpltCallback)
    HAL_SD_TxCpltCallback                    0x08003111   Thumb Code     8  bsp_driver_sd.o(i.HAL_SD_TxCpltCallback)
    HAL_SD_WriteBlocks                       0x08003119   Thumb Code   428  stm32f4xx_hal_sd.o(i.HAL_SD_WriteBlocks)
    HAL_SYSTICK_Config                       0x080032c9   Thumb Code    40  stm32f4xx_hal_cortex.o(i.HAL_SYSTICK_Config)
    HardFault_Handler                        0x080032f1   Thumb Code     2  stm32f4xx_it.o(i.HardFault_Handler)
    MX_DMA_Init                              0x08003a19   Thumb Code    56  dma.o(i.MX_DMA_Init)
    MX_FATFS_Init                            0x08003a55   Thumb Code    18  fatfs.o(i.MX_FATFS_Init)
    MX_GPIO_Init                             0x08003a71   Thumb Code   166  gpio.o(i.MX_GPIO_Init)
    MX_I2C1_Init                             0x08003b29   Thumb Code    50  i2c.o(i.MX_I2C1_Init)
    MX_I2S2_Init                             0x08003b69   Thumb Code    52  i2s.o(i.MX_I2S2_Init)
    MX_SDIO_SD_Init                          0x08003ba5   Thumb Code    22  sdio.o(i.MX_SDIO_SD_Init)
    MemManage_Handler                        0x08003bc5   Thumb Code     2  stm32f4xx_it.o(i.MemManage_Handler)
    NMI_Handler                              0x08003bc7   Thumb Code     2  stm32f4xx_it.o(i.NMI_Handler)
    OLED_UI_Init                             0x08003bc9   Thumb Code    58  oled_ui.o(i.OLED_UI_Init)
    OLED_UI_Task                             0x08003c0d   Thumb Code    56  oled_ui.o(i.OLED_UI_Task)
    PendSV_Handler                           0x08003c49   Thumb Code     2  stm32f4xx_it.o(i.PendSV_Handler)
    SDIO_ConfigData                          0x08003c4b   Thumb Code    36  stm32f4xx_ll_sdmmc.o(i.SDIO_ConfigData)
    SDIO_GetPowerState                       0x08003c6f   Thumb Code     8  stm32f4xx_ll_sdmmc.o(i.SDIO_GetPowerState)
    SDIO_GetResponse                         0x08003c77   Thumb Code     6  stm32f4xx_ll_sdmmc.o(i.SDIO_GetResponse)
    SDIO_IRQHandler                          0x08003c7d   Thumb Code     6  stm32f4xx_it.o(i.SDIO_IRQHandler)
    SDIO_Init                                0x08003c89   Thumb Code    36  stm32f4xx_ll_sdmmc.o(i.SDIO_Init)
    SDIO_PowerState_ON                       0x08003cad   Thumb Code     8  stm32f4xx_ll_sdmmc.o(i.SDIO_PowerState_ON)
    SDIO_ReadFIFO                            0x08003cb5   Thumb Code     6  stm32f4xx_ll_sdmmc.o(i.SDIO_ReadFIFO)
    SDIO_SendCommand                         0x08003cbb   Thumb Code    32  stm32f4xx_ll_sdmmc.o(i.SDIO_SendCommand)
    SDIO_WriteFIFO                           0x08003cdb   Thumb Code    10  stm32f4xx_ll_sdmmc.o(i.SDIO_WriteFIFO)
    SDMMC_CmdAppCommand                      0x08003ce5   Thumb Code    50  stm32f4xx_ll_sdmmc.o(i.SDMMC_CmdAppCommand)
    SDMMC_CmdAppOperCommand                  0x08003d19   Thumb Code    48  stm32f4xx_ll_sdmmc.o(i.SDMMC_CmdAppOperCommand)
    SDMMC_CmdBlockLength                     0x08003d4d   Thumb Code    50  stm32f4xx_ll_sdmmc.o(i.SDMMC_CmdBlockLength)
    SDMMC_CmdGoIdleState                     0x08003d81   Thumb Code    74  stm32f4xx_ll_sdmmc.o(i.SDMMC_CmdGoIdleState)
    SDMMC_CmdOperCond                        0x08003dd1   Thumb Code    48  stm32f4xx_ll_sdmmc.o(i.SDMMC_CmdOperCond)
    SDMMC_CmdReadMultiBlock                  0x08003e01   Thumb Code    50  stm32f4xx_ll_sdmmc.o(i.SDMMC_CmdReadMultiBlock)
    SDMMC_CmdReadSingleBlock                 0x08003e33   Thumb Code    50  stm32f4xx_ll_sdmmc.o(i.SDMMC_CmdReadSingleBlock)
    SDMMC_CmdSelDesel                        0x08003e65   Thumb Code    50  stm32f4xx_ll_sdmmc.o(i.SDMMC_CmdSelDesel)
    SDMMC_CmdSendCID                         0x08003e97   Thumb Code    44  stm32f4xx_ll_sdmmc.o(i.SDMMC_CmdSendCID)
    SDMMC_CmdSendCSD                         0x08003ec3   Thumb Code    44  stm32f4xx_ll_sdmmc.o(i.SDMMC_CmdSendCSD)
    SDMMC_CmdSendStatus                      0x08003eef   Thumb Code    50  stm32f4xx_ll_sdmmc.o(i.SDMMC_CmdSendStatus)
    SDMMC_CmdSetRelAdd                       0x08003f21   Thumb Code    48  stm32f4xx_ll_sdmmc.o(i.SDMMC_CmdSetRelAdd)
    SDMMC_CmdStopTransfer                    0x08003f51   Thumb Code    46  stm32f4xx_ll_sdmmc.o(i.SDMMC_CmdStopTransfer)
    SDMMC_CmdWriteMultiBlock                 0x08003f85   Thumb Code    50  stm32f4xx_ll_sdmmc.o(i.SDMMC_CmdWriteMultiBlock)
    SDMMC_CmdWriteSingleBlock                0x08003fb7   Thumb Code    50  stm32f4xx_ll_sdmmc.o(i.SDMMC_CmdWriteSingleBlock)
    SDMMC_GetCmdResp1                        0x08003fe9   Thumb Code   278  stm32f4xx_ll_sdmmc.o(i.SDMMC_GetCmdResp1)
    SDMMC_GetCmdResp2                        0x08004109   Thumb Code    76  stm32f4xx_ll_sdmmc.o(i.SDMMC_GetCmdResp2)
    SDMMC_GetCmdResp3                        0x08004159   Thumb Code    62  stm32f4xx_ll_sdmmc.o(i.SDMMC_GetCmdResp3)
    SDMMC_GetCmdResp6                        0x0800419d   Thumb Code   130  stm32f4xx_ll_sdmmc.o(i.SDMMC_GetCmdResp6)
    SDMMC_GetCmdResp7                        0x08004225   Thumb Code    82  stm32f4xx_ll_sdmmc.o(i.SDMMC_GetCmdResp7)
    SD_initialize                            0x080044c9   Thumb Code    28  sd_diskio.o(i.SD_initialize)
    SD_ioctl                                 0x080044e9   Thumb Code    76  sd_diskio.o(i.SD_ioctl)
    SD_read                                  0x08004539   Thumb Code    38  sd_diskio.o(i.SD_read)
    SD_status                                0x0800455f   Thumb Code     4  sd_diskio.o(i.SD_status)
    SD_write                                 0x08004565   Thumb Code    38  sd_diskio.o(i.SD_write)
    SVC_Handler                              0x0800458b   Thumb Code     2  stm32f4xx_it.o(i.SVC_Handler)
    SysTick_Handler                          0x0800458d   Thumb Code     4  stm32f4xx_it.o(i.SysTick_Handler)
    SystemClock_Config                       0x08004591   Thumb Code   140  main.o(i.SystemClock_Config)
    SystemInit                               0x08004625   Thumb Code    12  system_stm32f4xx.o(i.SystemInit)
    UsageFault_Handler                       0x08004635   Thumb Code     2  stm32f4xx_it.o(i.UsageFault_Handler)
    WAV_BuildHeader                          0x08004639   Thumb Code   132  wav.o(i.WAV_BuildHeader)
    WAV_UpdateHeader                         0x080046e9   Thumb Code    58  wav.o(i.WAV_UpdateHeader)
    WAV_WriteHeader                          0x08004723   Thumb Code    52  wav.o(i.WAV_WriteHeader)
    _is_digit                                0x08004777   Thumb Code    14  __printf_wp.o(i._is_digit)
    disk_initialize                          0x08005475   Thumb Code    38  diskio.o(i.disk_initialize)
    disk_ioctl                               0x080054a1   Thumb Code    24  diskio.o(i.disk_ioctl)
    disk_read                                0x080054bd   Thumb Code    24  diskio.o(i.disk_read)
    disk_status                              0x080054d9   Thumb Code    18  diskio.o(i.disk_status)
    disk_write                               0x080054f1   Thumb Code    24  diskio.o(i.disk_write)
    f_close                                  0x08005555   Thumb Code    40  ff.o(i.f_close)
    f_lseek                                  0x0800557d   Thumb Code   530  ff.o(i.f_lseek)
    f_mount                                  0x08005791   Thumb Code    84  ff.o(i.f_mount)
    f_open                                   0x080057e9   Thumb Code   520  ff.o(i.f_open)
    f_read                                   0x080059f5   Thumb Code   338  ff.o(i.f_read)
    f_sync                                   0x08005b47   Thumb Code   142  ff.o(i.f_sync)
    f_write                                  0x08005bd5   Thumb Code   398  ff.o(i.f_write)
    get_fattime                              0x08006183   Thumb Code     4  fatfs.o(i.get_fattime)
    main                                     0x08006343   Thumb Code    56  main.o(i.main)
    _fp_init                                 0x08006fc1   Thumb Code    10  fpinit.o(x$fpl$fpinit)
    __fplib_config_fpu_vfp                   0x08006fc9   Thumb Code     0  fpinit.o(x$fpl$fpinit)
    __fplib_config_pureend_doubles           0x08006fc9   Thumb Code     0  fpinit.o(x$fpl$fpinit)
    SD_Driver                                0x080070d4   Data          20  sd_diskio.o(.constdata)
    AHBPrescTable                            0x080070f0   Data          16  system_stm32f4xx.o(.constdata)
    APBPrescTable                            0x08007100   Data           8  system_stm32f4xx.o(.constdata)
    Region$$Table$$Base                      0x08007224   Number         0  anon$$obj.o(Region$$Table)
    Region$$Table$$Limit                     0x08007244   Number         0  anon$$obj.o(Region$$Table)
    retSD                                    0x20000055   Data           1  fatfs.o(.data)
    SDPath                                   0x20000056   Data           4  fatfs.o(.data)
    uwTickFreq                               0x2000005c   Data           1  stm32f4xx_hal.o(.data)
    uwTickPrio                               0x20000060   Data           4  stm32f4xx_hal.o(.data)
    uwTick                                   0x20000064   Data           4  stm32f4xx_hal.o(.data)
    SystemCoreClock                          0x20000068   Data           4  system_stm32f4xx.o(.data)
    hi2c1                                    0x20000074   Data          84  i2c.o(.bss)
    hi2s2                                    0x200000c8   Data          72  i2s.o(.bss)
    hdma_i2s2_ext_rx                         0x20000110   Data          96  i2s.o(.bss)
    hdma_spi2_tx                             0x20000170   Data          96  i2s.o(.bss)
    hsd                                      0x2000437c   Data         132  sdio.o(.bss)
    SDFatFS                                  0x20004400   Data         560  fatfs.o(.bss)
    disk                                     0x20004650   Data          12  ff_gen_drv.o(.bss)
    __libspace_start                         0x2000465c   Data          96  libspace.o(.bss)
    __temporary_stack_top$libspace           0x200046bc   Data           0  libspace.o(.bss)



==============================================================================

Memory Map of the image

  Image Entry point : 0x08000189

  Load Region LR_IROM1 (Base: 0x08000000, Size: 0x000072b8, Max: 0x00080000, ABSOLUTE)

    Execution Region ER_IROM1 (Exec base: 0x08000000, Load base: 0x08000000, Size: 0x00007244, Max: 0x00080000, ABSOLUTE)

    Exec Addr    Load Addr    Size         Type   Attr      Idx    E Section Name        Object

    0x08000000   0x08000000   0x00000188   Data   RO            3    RESET               startup_stm32f407xx.o
    0x08000188   0x08000188   0x00000008   Code   RO         4260  * !!!main             c_w.l(__main.o)
    0x08000190   0x08000190   0x00000034   Code   RO         4440    !!!scatter          c_w.l(__scatter.o)
    0x080001c4   0x080001c4   0x0000001a   Code   RO         4442    !!handler_copy      c_w.l(__scatter_copy.o)
    0x080001de   0x080001de   0x00000002   PAD
    0x080001e0   0x080001e0   0x0000001c   Code   RO         4444    !!handler_zi        c_w.l(__scatter_zi.o)
    0x080001fc   0x080001fc   0x00000000   Code   RO         4247    .ARM.Collect$$_printf_percent$$00000000  c_w.l(_printf_percent.o)
    0x080001fc   0x080001fc   0x00000006   Code   RO         4245    .ARM.Collect$$_printf_percent$$00000009  c_w.l(_printf_d.o)
    0x08000202   0x08000202   0x00000006   Code   RO         4246    .ARM.Collect$$_printf_percent$$0000000A  c_w.l(_printf_u.o)
    0x08000208   0x08000208   0x00000006   Code   RO         4244    .ARM.Collect$$_printf_percent$$0000000C  c_w.l(_printf_x.o)
    0x0800020e   0x0800020e   0x00000006   Code   RO         4243    .ARM.Collect$$_printf_percent$$00000014  c_w.l(_printf_s.o)
    0x08000214   0x08000214   0x00000004   Code   RO         4277    .ARM.Collect$$_printf_percent$$00000017  c_w.l(_printf_percent_end.o)
    0x08000218   0x08000218   0x00000002   Code   RO         4310    .ARM.Collect$$libinit$$00000000  c_w.l(libinit.o)
    0x0800021a   0x0800021a   0x00000004   Code   RO         4322    .ARM.Collect$$libinit$$00000001  c_w.l(libinit2.o)
    0x0800021e   0x0800021e   0x00000000   Code   RO         4325    .ARM.Collect$$libinit$$00000004  c_w.l(libinit2.o)
    0x0800021e   0x0800021e   0x00000000   Code   RO         4328    .ARM.Collect$$libinit$$0000000A  c_w.l(libinit2.o)
    0x0800021e   0x0800021e   0x00000000   Code   RO         4330    .ARM.Collect$$libinit$$0000000C  c_w.l(libinit2.o)
    0x0800021e   0x0800021e   0x00000000   Code   RO         4332    .ARM.Collect$$libinit$$0000000E  c_w.l(libinit2.o)
    0x0800021e   0x0800021e   0x00000000   Code   RO         4335    .ARM.Collect$$libinit$$00000011  c_w.l(libinit2.o)
    0x0800021e   0x0800021e   0x00000000   Code   RO         4337    .ARM.Collect$$libinit$$00000013  c_w.l(libinit2.o)
    0x0800021e   0x0800021e   0x00000000   Code   RO         4339    .ARM.Collect$$libinit$$00000015  c_w.l(libinit2.o)
    0x0800021e   0x0800021e   0x00000000   Code   RO         4341    .ARM.Collect$$libinit$$00000017  c_w.l(libinit2.o)
    0x0800021e   0x0800021e   0x00000000   Code   RO         4343    .ARM.Collect$$libinit$$00000019  c_w.l(libinit2.o)
    0x0800021e   0x0800021e   0x00000000   Code   RO         4345    .ARM.Collect$$libinit$$0000001B  c_w.l(libinit2.o)
    0x0800021e   0x0800021e   0x00000000   Code   RO         4347    .ARM.Collect$$libinit$$0000001D  c_w.l(libinit2.o)
    0x0800021e   0x0800021e   0x00000000   Code   RO         4349    .ARM.Collect$$libinit$$0000001F  c_w.l(libinit2.o)
    0x0800021e   0x0800021e   0x00000000   Code   RO         4351    .ARM.Collect$$libinit$$00000021  c_w.l(libinit2.o)
    0x0800021e   0x0800021e   0x00000000   Code   RO         4353    .ARM.Collect$$libinit$$00000023  c_w.l(libinit2.o)
    0x0800021e   0x0800021e   0x00000000   Code   RO         4355    .ARM.Collect$$libinit$$00000025  c_w.l(libinit2.o)
    0x0800021e   0x0800021e   0x00000000   Code   RO         4359    .ARM.Collect$$libinit$$0000002C  c_w.l(libinit2.o)
    0x0800021e   0x0800021e   0x00000000   Code   RO         4361    .ARM.Collect$$libinit$$0000002E  c_w.l(libinit2.o)
    0x0800021e   0x0800021e   0x00000000   Code   RO         4363    .ARM.Collect$$libinit$$00000030  c_w.l(libinit2.o)
    0x0800021e   0x0800021e   0x00000000   Code   RO         4365    .ARM.Collect$$libinit$$00000032  c_w.l(libinit2.o)
    0x0800021e   0x0800021e   0x00000002   Code   RO         4366    .ARM.Collect$$libinit$$00000033  c_w.l(libinit2.o)
    0x08000220   0x08000220   0x00000002   Code   RO         4397    .ARM.Collect$$libshutdown$$00000000  c_w.l(libshutdown.o)
    0x08000222   0x08000222   0x00000000   Code   RO         4423    .ARM.Collect$$libshutdown$$00000002  c_w.l(libshutdown2.o)
    0x08000222   0x08000222   0x00000000   Code   RO         4425    .ARM.Collect$$libshutdown$$00000004  c_w.l(libshutdown2.o)
    0x08000222   0x08000222   0x00000000   Code   RO         4428    .ARM.Collect$$libshutdown$$00000007  c_w.l(libshutdown2.o)
    0x08000222   0x08000222   0x00000000   Code   RO         4431    .ARM.Collect$$libshutdown$$0000000A  c_w.l(libshutdown2.o)
    0x08000222   0x08000222   0x00000000   Code   RO         4433    .ARM.Collect$$libshutdown$$0000000C  c_w.l(libshutdown2.o)
    0x08000222   0x08000222   0x00000000   Code   RO         4436    .ARM.Collect$$libshutdown$$0000000F  c_w.l(libshutdown2.o)
    0x08000222   0x08000222   0x00000002   Code   RO         4437    .ARM.Collect$$libshutdown$$00000010  c_w.l(libshutdown2.o)
    0x08000224   0x08000224   0x00000000   Code   RO         4262    .ARM.Collect$$rtentry$$00000000  c_w.l(__rtentry.o)
    0x08000224   0x08000224   0x00000000   Code   RO         4279    .ARM.Collect$$rtentry$$00000002  c_w.l(__rtentry2.o)
    0x08000224   0x08000224   0x00000006   Code   RO         4291    .ARM.Collect$$rtentry$$00000004  c_w.l(__rtentry4.o)
    0x0800022a   0x0800022a   0x00000000   Code   RO         4281    .ARM.Collect$$rtentry$$00000009  c_w.l(__rtentry2.o)
    0x0800022a   0x0800022a   0x00000004   Code   RO         4282    .ARM.Collect$$rtentry$$0000000A  c_w.l(__rtentry2.o)
    0x0800022e   0x0800022e   0x00000000   Code   RO         4284    .ARM.Collect$$rtentry$$0000000C  c_w.l(__rtentry2.o)
    0x0800022e   0x0800022e   0x00000008   Code   RO         4285    .ARM.Collect$$rtentry$$0000000D  c_w.l(__rtentry2.o)
    0x08000236   0x08000236   0x00000002   Code   RO         4314    .ARM.Collect$$rtexit$$00000000  c_w.l(rtexit.o)
    0x08000238   0x08000238   0x00000000   Code   RO         4370    .ARM.Collect$$rtexit$$00000002  c_w.l(rtexit2.o)
    0x08000238   0x08000238   0x00000004   Code   RO         4371    .ARM.Collect$$rtexit$$00000003  c_w.l(rtexit2.o)
    0x0800023c   0x0800023c   0x00000006   Code   RO         4372    .ARM.Collect$$rtexit$$00000004  c_w.l(rtexit2.o)
    0x08000242   0x08000242   0x00000002   PAD
    0x08000244   0x08000244   0x00000040   Code   RO            4    .text               startup_stm32f407xx.o
    0x08000284   0x08000284   0x000000ee   Code   RO         4188    .text               c_w.l(lludivv7m.o)
    0x08000372   0x08000372   0x00000002   PAD
    0x08000374   0x08000374   0x00000034   Code   RO         4192    .text               c_w.l(noretval__2snprintf.o)
    0x080003a8   0x080003a8   0x0000004e   Code   RO         4196    .text               c_w.l(_printf_pad.o)
    0x080003f6   0x080003f6   0x00000052   Code   RO         4198    .text               c_w.l(_printf_str.o)
    0x08000448   0x08000448   0x00000078   Code   RO         4200    .text               c_w.l(_printf_dec.o)
    0x080004c0   0x080004c0   0x00000058   Code   RO         4205    .text               c_w.l(_printf_hex_int.o)
    0x08000518   0x08000518   0x00000188   Code   RO         4240    .text               c_w.l(__printf_flags_ss_wp.o)
    0x080006a0   0x080006a0   0x0000003e   Code   RO         4248    .text               c_w.l(strlen.o)
    0x080006de   0x080006de   0x0000008a   Code   RO         4250    .text               c_w.l(rt_memcpy_v6.o)
    0x08000768   0x08000768   0x00000064   Code   RO         4252    .text               c_w.l(rt_memcpy_w.o)
    0x080007cc   0x080007cc   0x00000044   Code   RO         4254    .text               c_w.l(rt_memclr.o)
    0x08000810   0x08000810   0x0000004e   Code   RO         4256    .text               c_w.l(rt_memclr_w.o)
    0x0800085e   0x0800085e   0x00000006   Code   RO         4258    .text               c_w.l(heapauxi.o)
    0x08000864   0x08000864   0x000000b2   Code   RO         4267    .text               c_w.l(_printf_intcommon.o)
    0x08000916   0x08000916   0x00000002   PAD
    0x08000918   0x08000918   0x00000030   Code   RO         4269    .text               c_w.l(_printf_char_common.o)
    0x08000948   0x08000948   0x0000000a   Code   RO         4271    .text               c_w.l(_sputc.o)
    0x08000952   0x08000952   0x00000010   Code   RO         4273    .text               c_w.l(_snputc.o)
    0x08000962   0x08000962   0x0000002c   Code   RO         4275    .text               c_w.l(_printf_char.o)
    0x0800098e   0x0800098e   0x0000004a   Code   RO         4297    .text               c_w.l(sys_stackheap_outer.o)
    0x080009d8   0x080009d8   0x00000012   Code   RO         4299    .text               c_w.l(exit.o)
    0x080009ea   0x080009ea   0x00000002   PAD
    0x080009ec   0x080009ec   0x00000008   Code   RO         4311    .text               c_w.l(libspace.o)
    0x080009f4   0x080009f4   0x0000000c   Code   RO         4367    .text               c_w.l(sys_exit.o)
    0x08000a00   0x08000a00   0x00000002   Code   RO         4386    .text               c_w.l(use_no_semi.o)
    0x08000a02   0x08000a02   0x00000000   Code   RO         4388    .text               c_w.l(indicate_semi.o)
    0x08000a02   0x08000a02   0x00000002   PAD
    0x08000a04   0x08000a04   0x0000000c   Code   RO          556    i.AudioApp_GetFxMode  audio_app.o
    0x08000a10   0x08000a10   0x0000000c   Code   RO          557    i.AudioApp_GetLastFileResult  audio_app.o
    0x08000a1c   0x08000a1c   0x0000000c   Code   RO          558    i.AudioApp_GetLastHalResult  audio_app.o
    0x08000a28   0x08000a28   0x0000000c   Code   RO          559    i.AudioApp_GetState  audio_app.o
    0x08000a34   0x08000a34   0x00000060   Code   RO          560    i.AudioApp_Init     audio_app.o
    0x08000a94   0x08000a94   0x00000084   Code   RO          561    i.AudioApp_Task     audio_app.o
    0x08000b18   0x08000b18   0x00000002   Code   RO         1052    i.BSP_SD_AbortCallback  bsp_driver_sd.o
    0x08000b1a   0x08000b1a   0x00000002   PAD
    0x08000b1c   0x08000b1c   0x0000000c   Code   RO         1055    i.BSP_SD_GetCardInfo  bsp_driver_sd.o
    0x08000b28   0x08000b28   0x00000018   Code   RO         1056    i.BSP_SD_GetCardState  bsp_driver_sd.o
    0x08000b40   0x08000b40   0x0000001c   Code   RO         1058    i.BSP_SD_Init       bsp_driver_sd.o
    0x08000b5c   0x08000b5c   0x0000000e   Code   RO         1059    i.BSP_SD_IsDetected  bsp_driver_sd.o
    0x08000b6a   0x08000b6a   0x00000002   PAD
    0x08000b6c   0x08000b6c   0x00000020   Code   RO         1060    i.BSP_SD_ReadBlocks  bsp_driver_sd.o
    0x08000b8c   0x08000b8c   0x00000002   Code   RO         1062    i.BSP_SD_ReadCpltCallback  bsp_driver_sd.o
    0x08000b8e   0x08000b8e   0x00000002   PAD
    0x08000b90   0x08000b90   0x00000020   Code   RO         1063    i.BSP_SD_WriteBlocks  bsp_driver_sd.o
    0x08000bb0   0x08000bb0   0x00000002   Code   RO         1065    i.BSP_SD_WriteCpltCallback  bsp_driver_sd.o
    0x08000bb2   0x08000bb2   0x00000002   Code   RO          934    i.BusFault_Handler  stm32f4xx_it.o
    0x08000bb4   0x08000bb4   0x0000000c   Code   RO          935    i.DMA1_Stream3_IRQHandler  stm32f4xx_it.o
    0x08000bc0   0x08000bc0   0x0000000c   Code   RO          936    i.DMA1_Stream4_IRQHandler  stm32f4xx_it.o
    0x08000bcc   0x08000bcc   0x00000028   Code   RO         1752    i.DMA_CalcBaseAndBitshift  stm32f4xx_hal_dma.o
    0x08000bf4   0x08000bf4   0x00000054   Code   RO         1753    i.DMA_CheckFifoParam  stm32f4xx_hal_dma.o
    0x08000c48   0x08000c48   0x00000028   Code   RO         1754    i.DMA_SetConfig     stm32f4xx_hal_dma.o
    0x08000c70   0x08000c70   0x00000002   Code   RO          937    i.DebugMon_Handler  stm32f4xx_it.o
    0x08000c72   0x08000c72   0x00000002   PAD
    0x08000c74   0x08000c74   0x00000024   Code   RO          445    i.ES8388_GetLastVerifyError  es8388.o
    0x08000c98   0x08000c98   0x000000f8   Code   RO          446    i.ES8388_Init       es8388.o
    0x08000d90   0x08000d90   0x00000028   Code   RO          447    i.ES8388_ReadReg    es8388.o
    0x08000db8   0x08000db8   0x00000028   Code   RO          449    i.ES8388_WriteReg   es8388.o
    0x08000de0   0x08000de0   0x00000004   Code   RO           13    i.Error_Handler     main.o
    0x08000de4   0x08000de4   0x00000006   Code   RO         4115    i.FATFS_LinkDriver  ff_gen_drv.o
    0x08000dea   0x08000dea   0x00000002   PAD
    0x08000dec   0x08000dec   0x00000040   Code   RO         4116    i.FATFS_LinkDriverEx  ff_gen_drv.o
    0x08000e2c   0x08000e2c   0x00000092   Code   RO         1755    i.HAL_DMA_Abort     stm32f4xx_hal_dma.o
    0x08000ebe   0x08000ebe   0x00000024   Code   RO         1756    i.HAL_DMA_Abort_IT  stm32f4xx_hal_dma.o
    0x08000ee2   0x08000ee2   0x00000002   PAD
    0x08000ee4   0x08000ee4   0x000001a0   Code   RO         1760    i.HAL_DMA_IRQHandler  stm32f4xx_hal_dma.o
    0x08001084   0x08001084   0x000000d4   Code   RO         1761    i.HAL_DMA_Init      stm32f4xx_hal_dma.o
    0x08001158   0x08001158   0x0000006e   Code   RO         1765    i.HAL_DMA_Start_IT  stm32f4xx_hal_dma.o
    0x080011c6   0x080011c6   0x00000002   PAD
    0x080011c8   0x080011c8   0x00000024   Code   RO         2192    i.HAL_Delay         stm32f4xx_hal.o
    0x080011ec   0x080011ec   0x000001f0   Code   RO         1648    i.HAL_GPIO_Init     stm32f4xx_hal_gpio.o
    0x080013dc   0x080013dc   0x0000000a   Code   RO         1650    i.HAL_GPIO_ReadPin  stm32f4xx_hal_gpio.o
    0x080013e6   0x080013e6   0x0000000a   Code   RO         1652    i.HAL_GPIO_WritePin  stm32f4xx_hal_gpio.o
    0x080013f0   0x080013f0   0x0000000c   Code   RO         2198    i.HAL_GetTick       stm32f4xx_hal.o
    0x080013fc   0x080013fc   0x00000188   Code   RO         2454    i.HAL_I2C_Init      stm32f4xx_hal_i2c.o
    0x08001584   0x08001584   0x00000204   Code   RO         2472    i.HAL_I2C_Mem_Read  stm32f4xx_hal_i2c.o
    0x08001788   0x08001788   0x00000130   Code   RO         2475    i.HAL_I2C_Mem_Write  stm32f4xx_hal_i2c.o
    0x080018b8   0x080018b8   0x00000068   Code   RO          362    i.HAL_I2C_MspInit   i2c.o
    0x08001920   0x08001920   0x000001f4   Code   RO         3077    i.HAL_I2SEx_FullDuplex_IRQHandler  stm32f4xx_hal_i2s_ex.o
    0x08001b14   0x08001b14   0x00000194   Code   RO         3079    i.HAL_I2SEx_TransmitReceive_DMA  stm32f4xx_hal_i2s_ex.o
    0x08001ca8   0x08001ca8   0x00000018   Code   RO          562    i.HAL_I2SEx_TxRxCpltCallback  audio_app.o
    0x08001cc0   0x08001cc0   0x00000018   Code   RO          563    i.HAL_I2SEx_TxRxHalfCpltCallback  audio_app.o
    0x08001cd8   0x08001cd8   0x00000240   Code   RO         2900    i.HAL_I2S_DMAStop   stm32f4xx_hal_i2s.o
    0x08001f18   0x08001f18   0x00000028   Code   RO          564    i.HAL_I2S_ErrorCallback  audio_app.o
    0x08001f40   0x08001f40   0x00000174   Code   RO         2906    i.HAL_I2S_Init      stm32f4xx_hal_i2s.o
    0x080020b4   0x080020b4   0x00000138   Code   RO          404    i.HAL_I2S_MspInit   i2s.o
    0x080021ec   0x080021ec   0x00000002   Code   RO         2912    i.HAL_I2S_RxCpltCallback  stm32f4xx_hal_i2s.o
    0x080021ee   0x080021ee   0x00000002   Code   RO         2917    i.HAL_I2S_TxCpltCallback  stm32f4xx_hal_i2s.o
    0x080021f0   0x080021f0   0x00000010   Code   RO         2204    i.HAL_IncTick       stm32f4xx_hal.o
    0x08002200   0x08002200   0x00000034   Code   RO         2205    i.HAL_Init          stm32f4xx_hal.o
    0x08002234   0x08002234   0x00000040   Code   RO         2206    i.HAL_InitTick      stm32f4xx_hal.o
    0x08002274   0x08002274   0x00000030   Code   RO         1028    i.HAL_MspInit       stm32f4xx_hal_msp.o
    0x080022a4   0x080022a4   0x0000001a   Code   RO         2040    i.HAL_NVIC_EnableIRQ  stm32f4xx_hal_cortex.o
    0x080022be   0x080022be   0x00000002   PAD
    0x080022c0   0x080022c0   0x00000040   Code   RO         2046    i.HAL_NVIC_SetPriority  stm32f4xx_hal_cortex.o
    0x08002300   0x08002300   0x00000024   Code   RO         2047    i.HAL_NVIC_SetPriorityGrouping  stm32f4xx_hal_cortex.o
    0x08002324   0x08002324   0x00000060   Code   RO         1398    i.HAL_RCCEx_GetPeriphCLKFreq  stm32f4xx_hal_rcc_ex.o
    0x08002384   0x08002384   0x0000013c   Code   RO         1399    i.HAL_RCCEx_PeriphCLKConfig  stm32f4xx_hal_rcc_ex.o
    0x080024c0   0x080024c0   0x00000134   Code   RO         1294    i.HAL_RCC_ClockConfig  stm32f4xx_hal_rcc.o
    0x080025f4   0x080025f4   0x00000020   Code   RO         1301    i.HAL_RCC_GetPCLK1Freq  stm32f4xx_hal_rcc.o
    0x08002614   0x08002614   0x00000064   Code   RO         1303    i.HAL_RCC_GetSysClockFreq  stm32f4xx_hal_rcc.o
    0x08002678   0x08002678   0x0000036c   Code   RO         1306    i.HAL_RCC_OscConfig  stm32f4xx_hal_rcc.o
    0x080029e4   0x080029e4   0x00000008   Code   RO         1066    i.HAL_SD_AbortCallback  bsp_driver_sd.o
    0x080029ec   0x080029ec   0x00000002   Code   RO         3453    i.HAL_SD_ErrorCallback  stm32f4xx_hal_sd.o
    0x080029ee   0x080029ee   0x00000002   PAD
    0x080029f0   0x080029f0   0x00000198   Code   RO         3455    i.HAL_SD_GetCardCSD  stm32f4xx_hal_sd.o
    0x08002b88   0x08002b88   0x00000024   Code   RO         3456    i.HAL_SD_GetCardInfo  stm32f4xx_hal_sd.o
    0x08002bac   0x08002bac   0x0000002c   Code   RO         3457    i.HAL_SD_GetCardState  stm32f4xx_hal_sd.o
    0x08002bd8   0x08002bd8   0x00000208   Code   RO         3461    i.HAL_SD_IRQHandler  stm32f4xx_hal_sd.o
    0x08002de0   0x08002de0   0x00000036   Code   RO         3462    i.HAL_SD_Init       stm32f4xx_hal_sd.o
    0x08002e16   0x08002e16   0x00000002   PAD
    0x08002e18   0x08002e18   0x00000078   Code   RO         3463    i.HAL_SD_InitCard   stm32f4xx_hal_sd.o
    0x08002e90   0x08002e90   0x00000098   Code   RO          893    i.HAL_SD_MspInit    sdio.o
    0x08002f28   0x08002f28   0x000001e0   Code   RO         3466    i.HAL_SD_ReadBlocks  stm32f4xx_hal_sd.o
    0x08003108   0x08003108   0x00000008   Code   RO         1067    i.HAL_SD_RxCpltCallback  bsp_driver_sd.o
    0x08003110   0x08003110   0x00000008   Code   RO         1068    i.HAL_SD_TxCpltCallback  bsp_driver_sd.o
    0x08003118   0x08003118   0x000001b0   Code   RO         3471    i.HAL_SD_WriteBlocks  stm32f4xx_hal_sd.o
    0x080032c8   0x080032c8   0x00000028   Code   RO         2051    i.HAL_SYSTICK_Config  stm32f4xx_hal_cortex.o
    0x080032f0   0x080032f0   0x00000002   Code   RO          938    i.HardFault_Handler  stm32f4xx_it.o
    0x080032f2   0x080032f2   0x0000002e   Code   RO         2497    i.I2C_IsAcknowledgeFailed  stm32f4xx_hal_i2c.o
    0x08003320   0x08003320   0x000000fc   Code   RO         2507    i.I2C_RequestMemoryRead  stm32f4xx_hal_i2c.o
    0x0800341c   0x0800341c   0x000000a8   Code   RO         2508    i.I2C_RequestMemoryWrite  stm32f4xx_hal_i2c.o
    0x080034c4   0x080034c4   0x00000056   Code   RO         2512    i.I2C_WaitOnBTFFlagUntilTimeout  stm32f4xx_hal_i2c.o
    0x0800351a   0x0800351a   0x00000002   PAD
    0x0800351c   0x0800351c   0x00000090   Code   RO         2513    i.I2C_WaitOnFlagUntilTimeout  stm32f4xx_hal_i2c.o
    0x080035ac   0x080035ac   0x000000bc   Code   RO         2514    i.I2C_WaitOnMasterAddressFlagUntilTimeout  stm32f4xx_hal_i2c.o
    0x08003668   0x08003668   0x00000070   Code   RO         2515    i.I2C_WaitOnRXNEFlagUntilTimeout  stm32f4xx_hal_i2c.o
    0x080036d8   0x080036d8   0x00000056   Code   RO         2516    i.I2C_WaitOnTXEFlagUntilTimeout  stm32f4xx_hal_i2c.o
    0x0800372e   0x0800372e   0x00000002   PAD
    0x08003730   0x08003730   0x00000060   Code   RO         3084    i.I2SEx_RxISR_I2SExt  stm32f4xx_hal_i2s_ex.o
    0x08003790   0x08003790   0x00000060   Code   RO         3085    i.I2SEx_TxISR_I2SExt  stm32f4xx_hal_i2s_ex.o
    0x080037f0   0x080037f0   0x00000088   Code   RO         3086    i.I2SEx_TxRxDMACplt  stm32f4xx_hal_i2s_ex.o
    0x08003878   0x08003878   0x00000054   Code   RO         3087    i.I2SEx_TxRxDMAError  stm32f4xx_hal_i2s_ex.o
    0x080038cc   0x080038cc   0x0000000a   Code   RO         3088    i.I2SEx_TxRxDMAHalfCplt  stm32f4xx_hal_i2s_ex.o
    0x080038d6   0x080038d6   0x000000f2   Code   RO         2924    i.I2S_IRQHandler    stm32f4xx_hal_i2s.o
    0x080039c8   0x080039c8   0x0000004e   Code   RO         2925    i.I2S_WaitFlagStateUntilTimeout  stm32f4xx_hal_i2s.o
    0x08003a16   0x08003a16   0x00000002   PAD
    0x08003a18   0x08003a18   0x0000003c   Code   RO          334    i.MX_DMA_Init       dma.o
    0x08003a54   0x08003a54   0x0000001c   Code   RO         1251    i.MX_FATFS_Init     fatfs.o
    0x08003a70   0x08003a70   0x000000b8   Code   RO          208    i.MX_GPIO_Init      gpio.o
    0x08003b28   0x08003b28   0x00000040   Code   RO          363    i.MX_I2C1_Init      i2c.o
    0x08003b68   0x08003b68   0x0000003c   Code   RO          405    i.MX_I2S2_Init      i2s.o
    0x08003ba4   0x08003ba4   0x00000020   Code   RO          894    i.MX_SDIO_SD_Init   sdio.o
    0x08003bc4   0x08003bc4   0x00000002   Code   RO          939    i.MemManage_Handler  stm32f4xx_it.o
    0x08003bc6   0x08003bc6   0x00000002   Code   RO          940    i.NMI_Handler       stm32f4xx_it.o
    0x08003bc8   0x08003bc8   0x00000044   Code   RO          772    i.OLED_UI_Init      oled_ui.o
    0x08003c0c   0x08003c0c   0x0000003c   Code   RO          773    i.OLED_UI_Task      oled_ui.o
    0x08003c48   0x08003c48   0x00000002   Code   RO          941    i.PendSV_Handler    stm32f4xx_it.o
    0x08003c4a   0x08003c4a   0x00000024   Code   RO         3161    i.SDIO_ConfigData   stm32f4xx_ll_sdmmc.o
    0x08003c6e   0x08003c6e   0x00000008   Code   RO         3165    i.SDIO_GetPowerState  stm32f4xx_ll_sdmmc.o
    0x08003c76   0x08003c76   0x00000006   Code   RO         3166    i.SDIO_GetResponse  stm32f4xx_ll_sdmmc.o
    0x08003c7c   0x08003c7c   0x0000000c   Code   RO          942    i.SDIO_IRQHandler   stm32f4xx_it.o
    0x08003c88   0x08003c88   0x00000024   Code   RO         3167    i.SDIO_Init         stm32f4xx_ll_sdmmc.o
    0x08003cac   0x08003cac   0x00000008   Code   RO         3169    i.SDIO_PowerState_ON  stm32f4xx_ll_sdmmc.o
    0x08003cb4   0x08003cb4   0x00000006   Code   RO         3170    i.SDIO_ReadFIFO     stm32f4xx_ll_sdmmc.o
    0x08003cba   0x08003cba   0x00000020   Code   RO         3171    i.SDIO_SendCommand  stm32f4xx_ll_sdmmc.o
    0x08003cda   0x08003cda   0x0000000a   Code   RO         3173    i.SDIO_WriteFIFO    stm32f4xx_ll_sdmmc.o
    0x08003ce4   0x08003ce4   0x00000032   Code   RO         3174    i.SDMMC_CmdAppCommand  stm32f4xx_ll_sdmmc.o
    0x08003d16   0x08003d16   0x00000002   PAD
    0x08003d18   0x08003d18   0x00000034   Code   RO         3175    i.SDMMC_CmdAppOperCommand  stm32f4xx_ll_sdmmc.o
    0x08003d4c   0x08003d4c   0x00000032   Code   RO         3176    i.SDMMC_CmdBlockLength  stm32f4xx_ll_sdmmc.o
    0x08003d7e   0x08003d7e   0x00000002   PAD
    0x08003d80   0x08003d80   0x00000050   Code   RO         3181    i.SDMMC_CmdGoIdleState  stm32f4xx_ll_sdmmc.o
    0x08003dd0   0x08003dd0   0x00000030   Code   RO         3183    i.SDMMC_CmdOperCond  stm32f4xx_ll_sdmmc.o
    0x08003e00   0x08003e00   0x00000032   Code   RO         3184    i.SDMMC_CmdReadMultiBlock  stm32f4xx_ll_sdmmc.o
    0x08003e32   0x08003e32   0x00000032   Code   RO         3185    i.SDMMC_CmdReadSingleBlock  stm32f4xx_ll_sdmmc.o
    0x08003e64   0x08003e64   0x00000032   Code   RO         3188    i.SDMMC_CmdSelDesel  stm32f4xx_ll_sdmmc.o
    0x08003e96   0x08003e96   0x0000002c   Code   RO         3189    i.SDMMC_CmdSendCID  stm32f4xx_ll_sdmmc.o
    0x08003ec2   0x08003ec2   0x0000002c   Code   RO         3190    i.SDMMC_CmdSendCSD  stm32f4xx_ll_sdmmc.o
    0x08003eee   0x08003eee   0x00000032   Code   RO         3193    i.SDMMC_CmdSendStatus  stm32f4xx_ll_sdmmc.o
    0x08003f20   0x08003f20   0x00000030   Code   RO         3194    i.SDMMC_CmdSetRelAdd  stm32f4xx_ll_sdmmc.o
    0x08003f50   0x08003f50   0x00000034   Code   RO         3197    i.SDMMC_CmdStopTransfer  stm32f4xx_ll_sdmmc.o
    0x08003f84   0x08003f84   0x00000032   Code   RO         3199    i.SDMMC_CmdWriteMultiBlock  stm32f4xx_ll_sdmmc.o
    0x08003fb6   0x08003fb6   0x00000032   Code   RO         3200    i.SDMMC_CmdWriteSingleBlock  stm32f4xx_ll_sdmmc.o
    0x08003fe8   0x08003fe8   0x00000120   Code   RO         3201    i.SDMMC_GetCmdResp1  stm32f4xx_ll_sdmmc.o
    0x08004108   0x08004108   0x00000050   Code   RO         3202    i.SDMMC_GetCmdResp2  stm32f4xx_ll_sdmmc.o
    0x08004158   0x08004158   0x00000044   Code   RO         3203    i.SDMMC_GetCmdResp3  stm32f4xx_ll_sdmmc.o
    0x0800419c   0x0800419c   0x00000088   Code   RO         3204    i.SDMMC_GetCmdResp6  stm32f4xx_ll_sdmmc.o
    0x08004224   0x08004224   0x00000058   Code   RO         3205    i.SDMMC_GetCmdResp7  stm32f4xx_ll_sdmmc.o
    0x0800427c   0x0800427c   0x00000020   Code   RO         1173    i.SD_CheckStatus    sd_diskio.o
    0x0800429c   0x0800429c   0x00000044   Code   RO         3476    i.SD_DMARxAbort     stm32f4xx_hal_sd.o
    0x080042e0   0x080042e0   0x00000044   Code   RO         3478    i.SD_DMATxAbort     stm32f4xx_hal_sd.o
    0x08004324   0x08004324   0x000000ee   Code   RO         3480    i.SD_InitCard       stm32f4xx_hal_sd.o
    0x08004412   0x08004412   0x00000002   PAD
    0x08004414   0x08004414   0x000000b4   Code   RO         3481    i.SD_PowerON        stm32f4xx_hal_sd.o
    0x080044c8   0x080044c8   0x00000020   Code   RO         1174    i.SD_initialize     sd_diskio.o
    0x080044e8   0x080044e8   0x00000050   Code   RO         1175    i.SD_ioctl          sd_diskio.o
    0x08004538   0x08004538   0x00000026   Code   RO         1176    i.SD_read           sd_diskio.o
    0x0800455e   0x0800455e   0x00000004   Code   RO         1177    i.SD_status         sd_diskio.o
    0x08004562   0x08004562   0x00000002   PAD
    0x08004564   0x08004564   0x00000026   Code   RO         1178    i.SD_write          sd_diskio.o
    0x0800458a   0x0800458a   0x00000002   Code   RO          943    i.SVC_Handler       stm32f4xx_it.o
    0x0800458c   0x0800458c   0x00000004   Code   RO          944    i.SysTick_Handler   stm32f4xx_it.o
    0x08004590   0x08004590   0x00000094   Code   RO           14    i.SystemClock_Config  main.o
    0x08004624   0x08004624   0x00000010   Code   RO         3691    i.SystemInit        system_stm32f4xx.o
    0x08004634   0x08004634   0x00000002   Code   RO          945    i.UsageFault_Handler  stm32f4xx_it.o
    0x08004636   0x08004636   0x00000002   PAD
    0x08004638   0x08004638   0x000000b0   Code   RO          504    i.WAV_BuildHeader   wav.o
    0x080046e8   0x080046e8   0x0000003a   Code   RO          505    i.WAV_UpdateHeader  wav.o
    0x08004722   0x08004722   0x00000034   Code   RO          506    i.WAV_WriteHeader   wav.o
    0x08004756   0x08004756   0x00000020   Code   RO         2053    i.__NVIC_SetPriority  stm32f4xx_hal_cortex.o
    0x08004776   0x08004776   0x0000000e   Code   RO         4233    i._is_digit         c_w.l(__printf_wp.o)
    0x08004784   0x08004784   0x00000084   Code   RO          565    i.apply_mix_effect  audio_app.o
    0x08004808   0x08004808   0x00000130   Code   RO          566    i.apply_playback_effects  audio_app.o
    0x08004938   0x08004938   0x00000036   Code   RO          567    i.button_pressed    audio_app.o
    0x0800496e   0x0800496e   0x00000002   PAD
    0x08004970   0x08004970   0x00000070   Code   RO         3783    i.check_fs          ff.o
    0x080049e0   0x080049e0   0x0000005c   Code   RO         3784    i.chk_lock          ff.o
    0x08004a3c   0x08004a3c   0x00000020   Code   RO         3785    i.clear_lock        ff.o
    0x08004a5c   0x08004a5c   0x00000024   Code   RO         3786    i.clmt_clust        ff.o
    0x08004a80   0x08004a80   0x0000001c   Code   RO          568    i.close_mix_file    audio_app.o
    0x08004a9c   0x08004a9c   0x00000018   Code   RO         3787    i.clust2sect        ff.o
    0x08004ab4   0x08004ab4   0x000000a4   Code   RO         3788    i.create_chain      ff.o
    0x08004b58   0x08004b58   0x000000bc   Code   RO         3789    i.create_name       ff.o
    0x08004c14   0x08004c14   0x00000030   Code   RO          569    i.debug_reset_stats  audio_app.o
    0x08004c44   0x08004c44   0x0000009c   Code   RO          570    i.debug_update_stats  audio_app.o
    0x08004ce0   0x08004ce0   0x00000088   Code   RO          571    i.debug_write_es8388_registers  audio_app.o
    0x08004d68   0x08004d68   0x0000001e   Code   RO          572    i.debug_write_line  audio_app.o
    0x08004d86   0x08004d86   0x00000002   PAD
    0x08004d88   0x08004d88   0x000003bc   Code   RO          573    i.debug_write_log   audio_app.o
    0x08005144   0x08005144   0x000000bc   Code   RO          574    i.debug_write_raw_words  audio_app.o
    0x08005200   0x08005200   0x00000034   Code   RO         3790    i.dec_lock          ff.o
    0x08005234   0x08005234   0x00000064   Code   RO         3791    i.dir_find          ff.o
    0x08005298   0x08005298   0x000000f4   Code   RO         3792    i.dir_next          ff.o
    0x0800538c   0x0800538c   0x00000066   Code   RO         3794    i.dir_register      ff.o
    0x080053f2   0x080053f2   0x00000082   Code   RO         3796    i.dir_sdi           ff.o
    0x08005474   0x08005474   0x0000002c   Code   RO         3728    i.disk_initialize   diskio.o
    0x080054a0   0x080054a0   0x0000001c   Code   RO         3729    i.disk_ioctl        diskio.o
    0x080054bc   0x080054bc   0x0000001c   Code   RO         3730    i.disk_read         diskio.o
    0x080054d8   0x080054d8   0x00000018   Code   RO         3731    i.disk_status       diskio.o
    0x080054f0   0x080054f0   0x0000001c   Code   RO         3732    i.disk_write        diskio.o
    0x0800550c   0x0800550c   0x00000048   Code   RO          575    i.ensure_mix_file_open  audio_app.o
    0x08005554   0x08005554   0x00000028   Code   RO         3797    i.f_close           ff.o
    0x0800557c   0x0800557c   0x00000212   Code   RO         3801    i.f_lseek           ff.o
    0x0800578e   0x0800578e   0x00000002   PAD
    0x08005790   0x08005790   0x00000058   Code   RO         3804    i.f_mount           ff.o
    0x080057e8   0x080057e8   0x0000020c   Code   RO         3805    i.f_open            ff.o
    0x080059f4   0x080059f4   0x00000152   Code   RO         3810    i.f_read            ff.o
    0x08005b46   0x08005b46   0x0000008e   Code   RO         3814    i.f_sync            ff.o
    0x08005bd4   0x08005bd4   0x0000018e   Code   RO         3817    i.f_write           ff.o
    0x08005d62   0x08005d62   0x00000002   PAD
    0x08005d64   0x08005d64   0x00000098   Code   RO          576    i.fill_playback_segment  audio_app.o
    0x08005dfc   0x08005dfc   0x00000254   Code   RO         3818    i.find_volume       ff.o
    0x08006050   0x08006050   0x00000074   Code   RO         3819    i.follow_path       ff.o
    0x080060c4   0x080060c4   0x000000be   Code   RO         3820    i.get_fat           ff.o
    0x08006182   0x08006182   0x00000004   Code   RO         1252    i.get_fattime       fatfs.o
    0x08006186   0x08006186   0x0000003c   Code   RO         3822    i.get_ldnumber      ff.o
    0x080061c2   0x080061c2   0x00000002   PAD
    0x080061c4   0x080061c4   0x00000028   Code   RO          577    i.get_record_file_name  audio_app.o
    0x080061ec   0x080061ec   0x00000080   Code   RO         3823    i.inc_lock          ff.o
    0x0800626c   0x0800626c   0x00000090   Code   RO          578    i.init_codec_with_i2s_clock  audio_app.o
    0x080062fc   0x080062fc   0x00000026   Code   RO         3824    i.ld_clust          ff.o
    0x08006322   0x08006322   0x00000016   Code   RO         3825    i.ld_dword          ff.o
    0x08006338   0x08006338   0x0000000a   Code   RO         3826    i.ld_word           ff.o
    0x08006342   0x08006342   0x00000038   Code   RO           15    i.main              main.o
    0x0800637a   0x0800637a   0x00000012   Code   RO         3827    i.mem_cpy           ff.o
    0x0800638c   0x0800638c   0x0000000e   Code   RO         3828    i.mem_set           ff.o
    0x0800639a   0x0800639a   0x00000002   PAD
    0x0800639c   0x0800639c   0x00000030   Code   RO          579    i.mount_sd          audio_app.o
    0x080063cc   0x080063cc   0x00000032   Code   RO         3829    i.move_window       ff.o
    0x080063fe   0x080063fe   0x00000002   PAD
    0x08006400   0x08006400   0x00000050   Code   RO          774    i.oled_draw_string  oled_ui.o
    0x08006450   0x08006450   0x00000058   Code   RO          775    i.oled_flush        oled_ui.o
    0x080064a8   0x080064a8   0x00000104   Code   RO          776    i.oled_get_glyph    oled_ui.o
    0x080065ac   0x080065ac   0x00000012   Code   RO          777    i.oled_i2c_delay    oled_ui.o
    0x080065be   0x080065be   0x0000001e   Code   RO          778    i.oled_i2c_stop     oled_ui.o
    0x080065dc   0x080065dc   0x00000060   Code   RO          779    i.oled_i2c_write_byte  oled_ui.o
    0x0800663c   0x0800663c   0x00000110   Code   RO          780    i.oled_render_state  oled_ui.o
    0x0800674c   0x0800674c   0x00000010   Code   RO          781    i.oled_scl_high     oled_ui.o
    0x0800675c   0x0800675c   0x00000010   Code   RO          782    i.oled_scl_low      oled_ui.o
    0x0800676c   0x0800676c   0x00000010   Code   RO          783    i.oled_sda_high     oled_ui.o
    0x0800677c   0x0800677c   0x00000010   Code   RO          784    i.oled_sda_low      oled_ui.o
    0x0800678c   0x0800678c   0x0000006c   Code   RO          785    i.oled_soft_i2c_gpio_init  oled_ui.o
    0x080067f8   0x080067f8   0x0000004c   Code   RO          786    i.oled_soft_i2c_write  oled_ui.o
    0x08006844   0x08006844   0x00000018   Code   RO          787    i.oled_write_cmd    oled_ui.o
    0x0800685c   0x0800685c   0x00000060   Code   RO          580    i.prepare_i2s_for_start  audio_app.o
    0x080068bc   0x080068bc   0x0000003c   Code   RO          581    i.process_playback  audio_app.o
    0x080068f8   0x080068f8   0x0000004c   Code   RO          582    i.process_recording  audio_app.o
    0x08006944   0x08006944   0x000000ea   Code   RO         3830    i.put_fat           ff.o
    0x08006a2e   0x08006a2e   0x00000008   Code   RO          507    i.put_u16_le        wav.o
    0x08006a36   0x08006a36   0x00000010   Code   RO          508    i.put_u32_le        wav.o
    0x08006a46   0x08006a46   0x00000074   Code   RO         3833    i.remove_chain      ff.o
    0x08006aba   0x08006aba   0x00000002   PAD
    0x08006abc   0x08006abc   0x0000001c   Code   RO          583    i.reset_effect_state  audio_app.o
    0x08006ad8   0x08006ad8   0x0000001c   Code   RO          584    i.saturate_i16      audio_app.o
    0x08006af4   0x08006af4   0x00000010   Code   RO          585    i.set_error         audio_app.o
    0x08006b04   0x08006b04   0x00000028   Code   RO         3834    i.st_clust          ff.o
    0x08006b2c   0x08006b2c   0x00000010   Code   RO         3835    i.st_dword          ff.o
    0x08006b3c   0x08006b3c   0x00000008   Code   RO         3836    i.st_word           ff.o
    0x08006b44   0x08006b44   0x000000e4   Code   RO          586    i.start_playback    audio_app.o
    0x08006c28   0x08006c28   0x000000d0   Code   RO          587    i.start_recording   audio_app.o
    0x08006cf8   0x08006cf8   0x0000001c   Code   RO          588    i.stop_i2s_dma      audio_app.o
    0x08006d14   0x08006d14   0x00000054   Code   RO          589    i.stop_playback     audio_app.o
    0x08006d68   0x08006d68   0x00000068   Code   RO          590    i.stop_recording    audio_app.o
    0x08006dd0   0x08006dd0   0x00000088   Code   RO         3837    i.sync_fs           ff.o
    0x08006e58   0x08006e58   0x00000052   Code   RO         3838    i.sync_window       ff.o
    0x08006eaa   0x08006eaa   0x00000034   Code   RO         3839    i.validate          ff.o
    0x08006ede   0x08006ede   0x00000002   PAD
    0x08006ee0   0x08006ee0   0x0000003c   Code   RO          450    i.verify_reg        es8388.o
    0x08006f1c   0x08006f1c   0x000000a4   Code   RO          591    i.write_record_segment  audio_app.o
    0x08006fc0   0x08006fc0   0x0000000a   Code   RO         4382    x$fpl$fpinit        fz_wm.l(fpinit.o)
    0x08006fca   0x08006fca   0x00000034   Data   RO          451    .constdata          es8388.o
    0x08006ffe   0x08006ffe   0x0000001c   Data   RO          593    .constdata          audio_app.o
    0x0800701a   0x0800701a   0x000000b7   Data   RO          789    .constdata          oled_ui.o
    0x080070d1   0x080070d1   0x00000003   PAD
    0x080070d4   0x080070d4   0x00000014   Data   RO         1179    .constdata          sd_diskio.o
    0x080070e8   0x080070e8   0x00000008   Data   RO         1767    .constdata          stm32f4xx_hal_dma.o
    0x080070f0   0x080070f0   0x00000010   Data   RO         3692    .constdata          system_stm32f4xx.o
    0x08007100   0x08007100   0x00000008   Data   RO         3693    .constdata          system_stm32f4xx.o
    0x08007108   0x08007108   0x0000009c   Data   RO         3841    .constdata          ff.o
    0x080071a4   0x080071a4   0x00000028   Data   RO         4206    .constdata          c_w.l(_printf_hex_int.o)
    0x080071cc   0x080071cc   0x00000011   Data   RO         4241    .constdata          c_w.l(__printf_flags_ss_wp.o)
    0x080071dd   0x080071dd   0x00000003   PAD
    0x080071e0   0x080071e0   0x00000042   Data   RO          594    .conststring        audio_app.o
    0x08007222   0x08007222   0x00000002   PAD
    0x08007224   0x08007224   0x00000020   Data   RO         4438    Region$$Table       anon$$obj.o


    Execution Region RW_IRAM1 (Exec base: 0x20000000, Load base: 0x08007244, Size: 0x00004cc0, Max: 0x0001c000, ABSOLUTE)

    Exec Addr    Load Addr    Size         Type   Attr      Idx    E Section Name        Object

    0x20000000   0x08007244   0x00000008   Data   RW          452    .data               es8388.o
    0x20000008   0x0800724c   0x00000044   Data   RW          595    .data               audio_app.o
    0x2000004c   0x08007290   0x00000008   Data   RW          790    .data               oled_ui.o
    0x20000054   0x08007298   0x00000001   Data   RW         1180    .data               sd_diskio.o
    0x20000055   0x08007299   0x00000005   Data   RW         1255    .data               fatfs.o
    0x2000005a   0x0800729e   0x00000002   PAD
    0x2000005c   0x080072a0   0x0000000c   Data   RW         2212    .data               stm32f4xx_hal.o
    0x20000068   0x080072ac   0x00000004   Data   RW         3694    .data               system_stm32f4xx.o
    0x2000006c   0x080072b0   0x00000008   Data   RW         3842    .data               ff.o
    0x20000074        -       0x00000054   Zero   RW          364    .bss                i2c.o
    0x200000c8        -       0x00000108   Zero   RW          406    .bss                i2s.o
    0x200001d0        -       0x00003d28   Zero   RW          592    .bss                audio_app.o
    0x20003ef8        -       0x00000481   Zero   RW          788    .bss                oled_ui.o
    0x20004379   0x080072b8   0x00000003   PAD
    0x2000437c        -       0x00000084   Zero   RW          895    .bss                sdio.o
    0x20004400        -       0x00000230   Zero   RW         1253    .bss                fatfs.o
    0x20004630        -       0x00000020   Zero   RW         3840    .bss                ff.o
    0x20004650        -       0x0000000c   Zero   RW         4119    .bss                ff_gen_drv.o
    0x2000465c        -       0x00000060   Zero   RW         4312    .bss                c_w.l(libspace.o)
    0x200046bc   0x080072b8   0x00000004   PAD
    0x200046c0        -       0x00000200   Zero   RW            2    HEAP                startup_stm32f407xx.o
    0x200048c0        -       0x00000400   Zero   RW            1    STACK               startup_stm32f407xx.o


    Execution Region RW_IRAM2 (Exec base: 0x2001c000, Load base: 0x080072b8, Size: 0x00000000, Max: 0x00004000, ABSOLUTE)

    **** No section assigned to this execution region ****


==============================================================================

Image component sizes


      Code (inc. data)   RO Data    RW Data    ZI Data      Debug   Object Name

      3972       1042         94         68      15656      27516   audio_app.o
       172         24          0          0          0       7271   bsp_driver_sd.o
       152         24          0          0          0       3841   diskio.o
        60          4          0          0          0        814   dma.o
       424         26         52          8          0       4201   es8388.o
        32         10          0          5        560       1584   fatfs.o
      5262         80        156          8         32      41688   ff.o
        70          6          0          0         12       1679   ff_gen_drv.o
       184         18          0          0          0     681599   gpio.o
       168         26          0          0         84       1749   i2c.o
       372         32          0          0        264       2075   i2s.o
       208          8          0          0          0     688232   main.o
      1244        222        183          8       1153      12490   oled_ui.o
       224         14         20          1          0       9064   sd_diskio.o
       184         28          0          0        132       1733   sdio.o
        64         26        392          0       1536        860   startup_stm32f407xx.o
       180         28          0         12          0       9537   stm32f4xx_hal.o
       198         14          0          0          0      33923   stm32f4xx_hal_cortex.o
      1084         16          8          0          0       7490   stm32f4xx_hal_dma.o
       516         46          0          0          0       2915   stm32f4xx_hal_gpio.o
      2294         52          0          0          0      13402   stm32f4xx_hal_i2c.o
      1272         26          0          0          0       5979   stm32f4xx_hal_i2s.o
      1326         62          0          0          0       6566   stm32f4xx_hal_i2s_ex.o
        48          6          0          0          0        890   stm32f4xx_hal_msp.o
      1316         64          0          0          0       4745   stm32f4xx_hal_rcc.o
       412         38          0          0          0       2329   stm32f4xx_hal_rcc_ex.o
      2650         36          0          0          0      13687   stm32f4xx_hal_sd.o
        56         18          0          0          0       5776   stm32f4xx_it.o
      1570         48          0          0          0      22608   stm32f4xx_ll_sdmmc.o
        16          4         24          4          0       1175   system_stm32f4xx.o
       310         44          0          0          0       3995   wav.o

    ----------------------------------------------------------------------
     26094       2092        966        116      19432    1621413   Object Totals
         0          0         32          0          0          0   (incl. Generated)
        54          0          5          2          3          0   (incl. Padding)

    ----------------------------------------------------------------------

      Code (inc. data)   RO Data    RW Data    ZI Data      Debug   Library Member Name

         8          0          0          0          0         68   __main.o
       392          4         17          0          0         92   __printf_flags_ss_wp.o
        14          0          0          0          0         68   __printf_wp.o
         0          0          0          0          0          0   __rtentry.o
        12          0          0          0          0          0   __rtentry2.o
         6          0          0          0          0          0   __rtentry4.o
        52          8          0          0          0          0   __scatter.o
        26          0          0          0          0          0   __scatter_copy.o
        28          0          0          0          0          0   __scatter_zi.o
        44          0          0          0          0        108   _printf_char.o
        48          6          0          0          0         96   _printf_char_common.o
         6          0          0          0          0          0   _printf_d.o
       120         16          0          0          0         92   _printf_dec.o
        88          4         40          0          0         88   _printf_hex_int.o
       178          0          0          0          0         88   _printf_intcommon.o
        78          0          0          0          0        108   _printf_pad.o
         0          0          0          0          0          0   _printf_percent.o
         4          0          0          0          0          0   _printf_percent_end.o
         6          0          0          0          0          0   _printf_s.o
        82          0          0          0          0         80   _printf_str.o
         6          0          0          0          0          0   _printf_u.o
         6          0          0          0          0          0   _printf_x.o
        16          0          0          0          0         68   _snputc.o
        10          0          0          0          0         68   _sputc.o
        18          0          0          0          0         80   exit.o
         6          0          0          0          0        152   heapauxi.o
         0          0          0          0          0          0   indicate_semi.o
         2          0          0          0          0          0   libinit.o
         6          0          0          0          0          0   libinit2.o
         2          0          0          0          0          0   libshutdown.o
         2          0          0          0          0          0   libshutdown2.o
         8          4          0          0         96         68   libspace.o
       238          0          0          0          0        100   lludivv7m.o
        52          4          0          0          0         84   noretval__2snprintf.o
        68          0          0          0          0         68   rt_memclr.o
        78          0          0          0          0         80   rt_memclr_w.o
       138          0          0          0          0         68   rt_memcpy_v6.o
       100          0          0          0          0         80   rt_memcpy_w.o
         2          0          0          0          0          0   rtexit.o
        10          0          0          0          0          0   rtexit2.o
        62          0          0          0          0         76   strlen.o
        12          4          0          0          0         68   sys_exit.o
        74          0          0          0          0         80   sys_stackheap_outer.o
         2          0          0          0          0         68   use_no_semi.o
        10          0          0          0          0        116   fpinit.o

    ----------------------------------------------------------------------
      2132         50         60          0        100       2212   Library Totals
        12          0          3          0          4          0   (incl. Padding)

    ----------------------------------------------------------------------

      Code (inc. data)   RO Data    RW Data    ZI Data      Debug   Library Name

      2110         50         57          0         96       2096   c_w.l
        10          0          0          0          0        116   fz_wm.l

    ----------------------------------------------------------------------
      2132         50         60          0        100       2212   Library Totals

    ----------------------------------------------------------------------

==============================================================================


      Code (inc. data)   RO Data    RW Data    ZI Data      Debug   

     28226       2142       1026        116      19532    1598933   Grand Totals
     28226       2142       1026        116      19532    1598933   ELF Image Totals
     28226       2142       1026        116          0          0   ROM Totals

==============================================================================

    Total RO  Size (Code + RO Data)                29252 (  28.57kB)
    Total RW  Size (RW Data + ZI Data)             19648 (  19.19kB)
    Total ROM Size (Code + RO Data + RW Data)      29368 (  28.68kB)

==============================================================================

